============================================================================
GUROBI OPTIMA - RESOLVED MAPPING
============================================================================
  host:                 scc036
  project:              /home/cpulimi/ModelV1/model-v1
  python:               /home/cpulimi/.conda/envs/qubo/bin/python
  array job / task:     62553130 / 3
  slurm job id:         62553130
  ---- mapping ----
  size:                 100 hubs
  dataset dir:          instances_100hubs
  run name:             gurobi_optima_100hubs
  output dir:           results/gurobi_optima
  ideal cores (case):   32
  granted cores:        16   [from SLURM_CPUS_PER_TASK]
  gurobi --threads:     16
  ideal mem (case):     128G
  slurm mem/node:       65536 MB
  ideal walltime:       0-16:00:00
  gurobi time limit:    54000s  (must be < walltime so the
                        process exits cleanly and writes ObjBound)
  mip gap requested:    0  (prove optimality, do not stop at 0.1%)
  PYTHONHASHSEED:       0
  final summary:        results/gurobi_optima/gurobi_optima_100hubs/gurobi/summary.json
============================================================================

============================================================================================
ALIGNED FSL RUNNER
============================================================================================
  dataset dir:      /home/cpulimi/ModelV1/model-v1/instances_100hubs
  solvers:          gurobi
  run folder:       /home/cpulimi/ModelV1/model-v1/results/gurobi_optima/gurobi_optima_100hubs
  config file:      /home/cpulimi/ModelV1/model-v1/results/gurobi_optima/gurobi_optima_100hubs/run_config.json
============================================================================================

############################################################################################
Launching GUROBI child process
############################################################################################

============================================================================
GUROBI MODEL - ALIGNED COST BASIS
============================================================================
  dataset:                  instances_100hubs
  active demand pairs:      28,192
  candidate Z variables:    35,050
  stocked Y variables:      12,165
  hub X variables:          100
  base miles:               20.0
  penalty start miles:      130.0
  max service miles:        180.0
  output folder:            /home/cpulimi/ModelV1/model-v1/results/gurobi_optima/gurobi_optima_100hubs/gurobi
============================================================================
Set parameter LicenseID to value 2848594
Set parameter GURO_PAR_SPECIAL
Set parameter TokenServer to value "gurobi01.sol.rc.asu.edu"
Set parameter LogToConsole to value 1
Set parameter LogFile to value "/home/cpulimi/ModelV1/model-v1/results/gurobi_optima/gurobi_optima_100hubs/gurobi/gurobi.log"
Set parameter MIPGap to value 0
Set parameter TimeLimit to value 54000
Set parameter Threads to value 16
Set parameter Seed to value 42
Creating variables...
Building objective...
Adding assignment constraints...
Adding stock/open constraints...
Adding activation and overflow constraints...
Starting Gurobi optimize: vars=47,415, constraints=75,707, mip_gap=0
Gurobi Optimizer version 13.0.2 build v13.0.2rc1 (linux64 - "Rocky Linux 8.10 (Green Obsidian)")

CPU model: AMD EPYC 9534 64-Core Processor, instruction set [SSE2|AVX|AVX2|AVX512]
Thread count: 128 physical cores, 128 logical processors, using up to 16 threads

Non-default parameters:
TimeLimit  54000
MIPGap  0
Seed  42
Threads  16

Optimize a model with 75707 rows, 47415 columns and 166275 nonzeros (Min)
Model fingerprint: 0x517b3c81
Model has 47415 linear objective coefficients
Variable types: 100 continuous, 47315 integer (47315 binary)
Coefficient statistics:
  Matrix range     [1e+00, 2e+02]
  Objective range  [6e-01, 5e+05]
  Bounds range     [1e+00, 1e+00]
  RHS range        [1e+00, 5e+04]

Found heuristic solution: objective 5.536859e+07
Presolve removed 71976 rows and 44427 columns
Presolve time: 0.03s
Presolved: 3731 rows, 2988 columns, 9017 nonzeros
Found heuristic solution: objective 5.507393e+07
Variable types: 0 continuous, 2988 integer (2988 binary)
Performing another presolve...
Presolve removed 4282 rows and 2979 columns
Presolve time: 0.07s
Found heuristic solution: objective 5.396440e+07

Root relaxation: objective 5.348236e+07, 3 iterations, 0.00 seconds (0.00 work units)

    Nodes    |    Current Node    |     Objective Bounds      |     Work
 Expl Unexpl |  Obj  Depth IntInf | Incumbent    BestBd   Gap | It/Node Time

*    0     0               0    5.348236e+07 5.3482e+07  0.00%     -    0s

Explored 1 nodes (3 simplex iterations) in 0.15 seconds (0.11 work units)
Thread count was 16 (of 128 available processors)

Solution count 4: 5.34824e+07 5.39644e+07 5.50739e+07 5.53686e+07 

Optimal solution found (tolerance 0.00e+00)
Best objective 5.348236304700e+07, best bound 5.348236304700e+07, gap 0.0000%
============================================================================
GUROBI FINAL RESULTS
============================================================================
  total cost:                 $53,482,363.05
  inventory cost:             $2,304,119.72
  fixed open-hub cost:        $48,500,000.00
  overflow storage cost:      $0.00
  new-hub transfer cost:      $160,900.00
  assignment transport cost:  $2,517,343.33
  open hubs:                  97
  closed hubs:                3
  stocked hub-part pairs:     10,943
  hub-zip-part pairings:      28,192
  structural violations:      0
  SLA distance violations:    3,785
  wall time:                  22.32s
  peak/current memory:        275.5/275.5 MB
  output folder:              /home/cpulimi/ModelV1/model-v1/results/gurobi_optima/gurobi_optima_100hubs/gurobi
============================================================================

============================================================================================
COMBINED FINAL COMPARISON
============================================================================================
Run folder: /home/cpulimi/ModelV1/model-v1/results/gurobi_optima/gurobi_optima_100hubs

Solver      Total Cost        Open  Closed  Stocked Pairs  Assignments  Struct Viol  SLA Viol  Wall(s)  Peak MB
----------  ----------------  -----  ------  -------------  -----------  -----------  --------  -------  -------
gurobi        $53,482,363.05     97       3         10,943       28,192            0     3,785    22.32    275.5

Files written:
  combined_summary.csv
  combined_summary.json
  combined_summary.txt
  gurobi/summary.txt and qubo/summary.txt when those solvers were run
============================================================================================
>>> python exit code: 0
>>> slurm mem: job=62553130_3 size=100 MaxRSS= MaxVMSize= ReqMem= Elapsed=
