>>> host=scc027 project=/home/cpulimi/ModelV1/model-v1 python=/packages/apps/mamba/2.6.2/bin/python batch=3 threads=128

============================================================================
PARALLEL SOLVE - batch 3/4
============================================================================
  dataset:      instances_high
  demand rows:  51,965
  est Z vars:   597,350
  work dir:     /home/cpulimi/ModelV1/model-v1/results/high_adaptive_parallel_max/high_par_max/parallel_work
============================================================================

=== QUBO Batch 3 | 279 parts | 51,965 demand rows | estimated Z=597,350 ===
  [1/3] Building aligned manual QUBO dictionary...
    built in 26.10s | Z=597,350 Y=160,480 X=796 interactions=6,687,330
    penalties: C1=2,516,437.64 C2=1,509,862.58 C3=1,006,575.06
  [2a/3] Adaptive penalty phase...
    adaptive iter 1/5 | multipliers c1=1.00 c2=1.00 c3=1.00
    adaptive iter 1 | violations C1=0 C2=0 C3=0 | cost=424891664.22
    adaptive feasible at iter 1
  [2b/3] Adaptive succeeded - skipping retry-reads fallback
  [3/3] Batch selected | OK | aligned cost=$424,891,664.22 | total_time=52905.25s

  saved batch 3 -> batch_0003.pkl | solve=52909.47s peak=82,796.1 MB | violations=0
