>>> host=scc028 project=/home/cpulimi/ModelV1/model-v1 python=/packages/apps/mamba/2.6.2/bin/python batch=4 threads=128

============================================================================
PARALLEL SOLVE - batch 4/4
============================================================================
  dataset:      instances_high
  demand rows:  29,717
  est Z vars:   338,538
  work dir:     /home/cpulimi/ModelV1/model-v1/results/high_adaptive_parallel_max/high_par_max/parallel_work
============================================================================

=== QUBO Batch 4 | 153 parts | 29,717 demand rows | estimated Z=338,538 ===
  [1/3] Building aligned manual QUBO dictionary...
    built in 14.36s | Z=338,538 Y=88,704 X=796 interactions=3,776,127
    penalties: C1=2,511,384.93 C2=1,506,830.96 C3=1,004,553.97
  [2a/3] Adaptive penalty phase...
    adaptive iter 1/5 | multipliers c1=1.00 c2=1.00 c3=1.00
    adaptive iter 1 | violations C1=0 C2=0 C3=0 | cost=412304543.82
    adaptive feasible at iter 1
  [2b/3] Adaptive succeeded - skipping retry-reads fallback
  [3/3] Batch selected | OK | aligned cost=$412,304,543.82 | total_time=21962.03s

  saved batch 4 -> batch_0004.pkl | solve=21965.08s peak=33,850.3 MB | violations=0
