>>> host=scc035 project=/home/cpulimi/ModelV1/model-v1 python=/packages/apps/mamba/2.6.2/bin/python batch=1

============================================================================
PARALLEL SOLVE - batch 1/4
============================================================================
  dataset:      instances_high
  demand rows:  52,125
  est Z vars:   596,556
  work dir:     /home/cpulimi/ModelV1/model-v1/results/high_adaptive_parallel/high_par/parallel_work
============================================================================

=== QUBO Batch 1 | 283 parts | 52,125 demand rows | estimated Z=596,556 ===
  [1/3] Building aligned manual QUBO dictionary...
    built in 26.66s | Z=596,556 Y=161,726 X=796 interactions=6,684,422
    penalties: C1=2,516,113.40 C2=1,509,668.04 C3=1,006,445.36
  [2a/3] Adaptive penalty phase...
    adaptive iter 1/5 | multipliers c1=1.00 c2=1.00 c3=1.00
    adaptive iter 1 | violations C1=0 C2=0 C3=0 | cost=426174948.34
    adaptive feasible at iter 1
  [2b/3] Adaptive succeeded - skipping retry-reads fallback
  [3/3] Batch selected | OK | aligned cost=$426,174,948.34 | total_time=4958.08s

  saved batch 1 -> batch_0001.pkl | solve=4962.17s peak=26,246.8 MB | violations=0
