>>> host=scc009 project=/home/cpulimi/ModelV1/model-v1 python=/packages/apps/mamba/2.6.2/bin/python batch=5

============================================================================
PARALLEL SOLVE - batch 5/11
============================================================================
  dataset:      instances_low
  demand rows:  11,308
  est Z vars:   49,516
  work dir:     /home/cpulimi/ModelV1/model-v1/results/low_scale_compare/scale_on/low_scaleon/parallel_work
============================================================================

=== QUBO Batch 5 | 58 parts | 11,308 demand rows | estimated Z=49,516 ===
  [1/3] Building aligned manual QUBO dictionary...
    built in 1.27s | Z=49,516 Y=9,685 X=200 interactions=265,655
    penalties: C1=2,511,341.85 C2=2,511,341.85 C3=2,511,341.85
  [2a/3] Adaptive penalty phase...
    adaptive iter 1/5 | scale=502,268.4 | multipliers c1=1.00 c2=1.00 c3=1.00 c4=1.00 | binding[c1=scaled,c2=scaled,c3=scaled,c4=scaled]
    adaptive iter 1 | violations C1=21 C2=7 C3=0 C4=0 | cost=103107874.20
    adaptive iter 2/5 | scale=502,268.4 | multipliers c1=1.50 c2=1.50 c3=1.00 c4=1.00 | binding[c1=scaled,c2=scaled,c3=scaled,c4=scaled]
    adaptive iter 2 | violations C1=0 C2=0 C3=0 C4=0 | cost=102917316.86
    adaptive feasible at iter 2
  [2b/3] Adaptive succeeded - skipping retry-reads fallback
  [3/3] Batch selected | OK | aligned cost=$102,917,316.86 | total_time=60.85s

  saved batch 5 -> batch_0005.pkl | solve=62.21s rss_peak=832.0 MB (python_tracemalloc=303.0 MB) | violations=0
>>> slurm mem appended to results/low_scale_compare/scale_on/low_scaleon/slurm_mem_low.tsv: jobid=59667478 task=5 MaxRSS= MaxVMSize= ReqMem= Elapsed=
