>>> host=scc023 project=/home/cpulimi/ModelV1/model-v1 python=/packages/apps/mamba/2.6.2/bin/python batch=6

============================================================================
PARALLEL SOLVE - batch 6/11
============================================================================
  dataset:      instances_low
  demand rows:  10,912
  est Z vars:   48,082
  work dir:     /home/cpulimi/ModelV1/model-v1/results/low_std_comparison/low_par_std_sa/parallel_work
============================================================================

=== QUBO Batch 6 | 49 parts | 10,912 demand rows | estimated Z=48,082 ===
  [1/3] Building aligned manual QUBO dictionary...
    built in 1.22s | Z=48,082 Y=8,325 X=200 interactions=256,633
    penalties: C1=2,511,166.55 C2=2,511,166.55 C3=2,511,166.55
  [2a/3] Adaptive penalty phase...
    adaptive iter 1/5 | scale=502,233.3 | multipliers c1=1.00 c2=1.00 c3=1.00 c4=1.00 | binding[c1=scaled,c2=scaled,c3=scaled,c4=scaled]
    adaptive iter 1 | violations C1=0 C2=0 C3=0 C4=0 | cost=102917344.03
    adaptive feasible at iter 1
  [2b/3] Adaptive succeeded - skipping retry-reads fallback
  [3/3] Batch selected | OK | aligned cost=$102,917,344.03 | total_time=1044.26s

  saved batch 6 -> batch_0006.pkl | solve=1045.76s rss_peak=3,947.5 MB (python_tracemalloc=1,714.3 MB) | violations=0
>>> slurm mem appended to results/low_std_comparison/low_par_std_sa/slurm_mem_low.tsv: jobid=59487361 task=6 MaxRSS= MaxVMSize= ReqMem= Elapsed=
