>>> host=scc046 project=/home/cpulimi/ModelV1/model-v1 python=/packages/apps/mamba/2.6.2/bin/python batch=6 threads=128

============================================================================
PARALLEL SOLVE - batch 6/11
============================================================================
  dataset:      instances_low
  demand rows:  10,912
  est Z vars:   48,082
  work dir:     /home/cpulimi/ModelV1/model-v1/results/low_adaptive_parallel_max/low_par_max/parallel_work
============================================================================

=== QUBO Batch 6 | 49 parts | 10,912 demand rows | estimated Z=48,082 ===
  [1/3] Building aligned manual QUBO dictionary...
    built in 1.18s | Z=48,082 Y=8,325 X=200 interactions=256,633
    penalties: C1=2,511,166.55 C2=2,511,166.55 C3=2,511,166.55
  [2a/3] Adaptive penalty phase...
    adaptive iter 1/5 | multipliers c1=1.00 c2=1.00 c3=1.00
    adaptive iter 1 | violations C1=0 C2=0 C3=0 | cost=102911280.74
    adaptive feasible at iter 1
  [2b/3] Adaptive succeeded - skipping retry-reads fallback
  [3/3] Batch selected | OK | aligned cost=$102,911,280.74 | total_time=17956.38s

  saved batch 6 -> batch_0006.pkl | solve=17957.37s peak=8,133.2 MB | violations=0
