>>> host=scc014 project=/home/cpulimi/ModelV1/model-v1 python=/packages/apps/mamba/2.6.2/bin/python batch=8

============================================================================
PARALLEL SOLVE - batch 8/11
============================================================================
  dataset:      instances_low
  demand rows:  11,317
  est Z vars:   49,974
  work dir:     /home/cpulimi/ModelV1/model-v1/results/low_scale_compare/scale_on/low_scaleon/parallel_work
============================================================================

=== QUBO Batch 8 | 61 parts | 11,317 demand rows | estimated Z=49,974 ===
  [1/3] Building aligned manual QUBO dictionary...
    built in 1.28s | Z=49,974 Y=10,133 X=200 interactions=267,838
    penalties: C1=2,512,226.00 C2=2,512,226.00 C3=2,512,226.00
  [2a/3] Adaptive penalty phase...
    adaptive iter 1/5 | scale=502,445.2 | multipliers c1=1.00 c2=1.00 c3=1.00 c4=1.00 | binding[c1=scaled,c2=scaled,c3=scaled,c4=scaled]
    adaptive iter 1 | violations C1=16 C2=6 C3=0 C4=0 | cost=102974845.23
    adaptive iter 2/5 | scale=502,445.2 | multipliers c1=1.50 c2=1.50 c3=1.00 c4=1.00 | binding[c1=scaled,c2=scaled,c3=scaled,c4=scaled]
    adaptive iter 2 | violations C1=0 C2=0 C3=0 C4=0 | cost=102743372.95
    adaptive feasible at iter 2
  [2b/3] Adaptive succeeded - skipping retry-reads fallback
  [3/3] Batch selected | OK | aligned cost=$102,743,372.95 | total_time=61.59s

  saved batch 8 -> batch_0008.pkl | solve=62.95s rss_peak=839.4 MB (python_tracemalloc=305.4 MB) | violations=0
>>> slurm mem appended to results/low_scale_compare/scale_on/low_scaleon/slurm_mem_low.tsv: jobid=59667478 task=8 MaxRSS= MaxVMSize= ReqMem= Elapsed=
