>>> host=scc025 project=/home/cpulimi/ModelV1/model-v1 python=/packages/apps/mamba/2.6.2/bin/python batch=1 threads=128

============================================================================
PARALLEL SOLVE - batch 1/11
============================================================================
  dataset:      instances_low
  demand rows:  11,340
  est Z vars:   49,879
  work dir:     /home/cpulimi/ModelV1/model-v1/results/low_adaptive_parallel_max/low_par_max/parallel_work
============================================================================

=== QUBO Batch 1 | 71 parts | 11,340 demand rows | estimated Z=49,879 ===
  [1/3] Building aligned manual QUBO dictionary...
    built in 1.31s | Z=49,879 Y=11,556 X=200 interactions=272,272
    penalties: C1=2,509,764.65 C2=2,509,764.65 C3=2,509,764.65
  [2a/3] Adaptive penalty phase...
    adaptive iter 1/5 | multipliers c1=1.00 c2=1.00 c3=1.00
    adaptive iter 1 | violations C1=0 C2=0 C3=0 | cost=103377550.00
    adaptive feasible at iter 1
  [2b/3] Adaptive succeeded - skipping retry-reads fallback
  [3/3] Batch selected | OK | aligned cost=$103,377,550.00 | total_time=19805.73s

  saved batch 1 -> batch_0001.pkl | solve=19806.74s peak=8,731.7 MB | violations=0
