>>> host=scc045 project=/home/cpulimi/ModelV1/model-v1 python=/packages/apps/mamba/2.6.2/bin/python batch=3

============================================================================
PARALLEL SOLVE - batch 3/11
============================================================================
  dataset:      instances_low
  demand rows:  11,116
  est Z vars:   49,070
  work dir:     /home/cpulimi/ModelV1/model-v1/results/low_adaptive_parallel/low_par_sqa/parallel_work
============================================================================

=== QUBO Batch 3 | 50 parts | 11,116 demand rows | estimated Z=49,070 ===
  [1/3] Building aligned manual QUBO dictionary...
    built in 1.25s | Z=49,070 Y=8,617 X=200 interactions=261,910
    penalties: C1=2,509,761.80 C2=2,509,761.80 C3=2,509,761.80
  [2a/3] Adaptive penalty phase...
    adaptive iter 1/5 | scale=501,952.4 | multipliers c1=1.00 c2=1.00 c3=1.00 c4=1.00 | binding[c1=scaled,c2=scaled,c3=scaled,c4=scaled]
    adaptive iter 1 | violations C1=1963 C2=840 C3=0 C4=0 | cost=102828913.67
    adaptive iter 2/5 | scale=501,952.4 | multipliers c1=1.50 c2=1.50 c3=1.00 c4=1.00 | binding[c1=scaled,c2=scaled,c3=scaled,c4=scaled]
    adaptive iter 2 | violations C1=1975 C2=804 C3=0 C4=0 | cost=102839529.62
    adaptive iter 3/5 | scale=501,952.4 | multipliers c1=2.25 c2=2.25 c3=1.00 c4=1.00 | binding[c1=scaled,c2=scaled,c3=scaled,c4=scaled]
    adaptive iter 3 | violations C1=1979 C2=804 C3=0 C4=0 | cost=102832902.80
    adaptive iter 4/5 | scale=501,952.4 | multipliers c1=3.38 c2=3.38 c3=1.00 c4=1.00 | binding[c1=scaled,c2=scaled,c3=scaled,c4=scaled]
    adaptive iter 4 | violations C1=2026 C2=794 C3=0 C4=0 | cost=102855419.48
    adaptive iter 5/5 | scale=501,952.4 | multipliers c1=5.06 c2=5.06 c3=1.00 c4=1.00 | binding[c1=scaled,c2=scaled,c3=scaled,c4=scaled]
    adaptive iter 5 | violations C1=2009 C2=807 C3=0 C4=0 | cost=102827207.00
  [2b/3] Adaptive exhausted (5 iters) - running retry-reads fallback with final multipliers
  [2/3] Sampling QUBO with OpenJij...
    stage 1/2: sampling 94 reads...
    stage 1/2: evaluating samples...
    stage 1 done | samples=94 sample_time=980.11s eval_time=39.09s best_structural_violations=2709 (C1=1953, C2=756, C3=0) energy=-160121988466.51
    stage 2/2: sampling 188 reads...
    stage 2/2: evaluating samples...
    stage 2 done | samples=188 sample_time=1984.62s eval_time=78.60s best_structural_violations=2799 (C1=2006, C2=793, C3=0) energy=-158406729577.86
  [3/3] Batch selected | 2709 structural violations | aligned cost=$102,851,876.70 | total_time=9005.25s

  saved batch 3 -> batch_0003.pkl | solve=9006.39s rss_peak=3,481.6 MB (python_tracemalloc=2,067.9 MB) | violations=2709
>>> slurm mem appended to results/low_adaptive_parallel/low_par_sqa/slurm_mem_low.tsv: jobid=59076053 task=3 MaxRSS= MaxVMSize= ReqMem= Elapsed=
