>>> host=sch003 project=/home/cpulimi/ModelV1/model-v1 python=/packages/apps/mamba/2.6.2/bin/python batch=2

============================================================================
PARALLEL SOLVE - batch 2/11
============================================================================
  dataset:      instances_low
  demand rows:  11,087
  est Z vars:   49,711
  work dir:     /home/cpulimi/ModelV1/model-v1/results/low_scale_compare/scale_on/low_scaleon/parallel_work
============================================================================

=== QUBO Batch 2 | 56 parts | 11,087 demand rows | estimated Z=49,711 ===
  [1/3] Building aligned manual QUBO dictionary...
    built in 1.28s | Z=49,711 Y=9,313 X=200 interactions=267,682
    penalties: C1=2,510,846.65 C2=2,510,846.65 C3=2,510,846.65
  [2a/3] Adaptive penalty phase...
    adaptive iter 1/5 | scale=502,169.3 | multipliers c1=1.00 c2=1.00 c3=1.00 c4=1.00 | binding[c1=scaled,c2=scaled,c3=scaled,c4=scaled]
    adaptive iter 1 | violations C1=42 C2=3 C3=0 C4=0 | cost=103262803.29
    adaptive iter 2/5 | scale=502,169.3 | multipliers c1=1.50 c2=1.50 c3=1.00 c4=1.00 | binding[c1=scaled,c2=scaled,c3=scaled,c4=scaled]
    adaptive iter 2 | violations C1=0 C2=0 C3=0 C4=0 | cost=103075314.72
    adaptive feasible at iter 2
  [2b/3] Adaptive succeeded - skipping retry-reads fallback
  [3/3] Batch selected | OK | aligned cost=$103,075,314.72 | total_time=60.82s

  saved batch 2 -> batch_0002.pkl | solve=62.28s rss_peak=833.3 MB (python_tracemalloc=302.9 MB) | violations=0
>>> slurm mem appended to results/low_scale_compare/scale_on/low_scaleon/slurm_mem_low.tsv: jobid=59667478 task=2 MaxRSS= MaxVMSize= ReqMem= Elapsed=
