>>> host=scc024 project=/home/cpulimi/ModelV1/model-v1 python=/packages/apps/mamba/2.6.2/bin/python batch=11

============================================================================
PARALLEL SOLVE - batch 11/11
============================================================================
  dataset:      instances_low
  demand rows:  3,540
  est Z vars:   15,759
  work dir:     /home/cpulimi/ModelV1/model-v1/results/low_scale_compare/scale_off/low_scaleoff/parallel_work
============================================================================

=== QUBO Batch 11 | 23 parts | 3,540 demand rows | estimated Z=15,759 ===
  [1/3] Building aligned manual QUBO dictionary...
    built in 0.41s | Z=15,759 Y=3,684 X=200 interactions=86,531
    penalties: C1=50,000.00 C2=50,000.00 C3=50,000.00
  [2a/3] Adaptive penalty phase...
    adaptive iter 1/5 | scale=1.0 | multipliers c1=1.00 c2=1.00 c3=1.00 c4=1.00 | binding[c1=floor,c2=floor,c3=floor,c4=floor]
    adaptive iter 1 | violations C1=182 C2=116 C3=242 C4=0 | cost=62176940.01
    adaptive iter 2/5 | scale=1.0 | multipliers c1=1.50 c2=1.50 c3=1.50 c4=1.00 | binding[c1=floor,c2=floor,c3=floor,c4=floor]
    adaptive iter 2 | violations C1=143 C2=43 C3=44 C4=0 | cost=92896873.76
    adaptive iter 3/5 | scale=1.0 | multipliers c1=2.25 c2=2.25 c3=2.25 c4=1.00 | binding[c1=floor,c2=floor,c3=floor,c4=floor]
    adaptive iter 3 | violations C1=140 C2=25 C3=12 C4=0 | cost=98879274.50
    adaptive iter 4/5 | scale=1.0 | multipliers c1=3.38 c2=3.38 c3=3.38 c4=1.00 | binding[c1=floor,c2=floor,c3=floor,c4=floor]
    adaptive iter 4 | violations C1=113 C2=16 C3=1 C4=0 | cost=100924701.18
    adaptive iter 5/5 | scale=1.0 | multipliers c1=5.06 c2=5.06 c3=5.06 c4=1.00 | binding[c1=floor,c2=floor,c3=floor,c4=floor]
    adaptive iter 5 | violations C1=120 C2=17 C3=0 C4=0 | cost=101395747.31
  [2b/3] Adaptive exhausted (5 iters) - running retry-reads fallback with final multipliers
  [2/3] Sampling QUBO with OpenJij...
    stage 1/2: sampling 18 reads...
    stage 1/2: evaluating samples...
    stage 1 done | samples=18 sample_time=3.58s eval_time=2.27s best_structural_violations=0 (C1=0, C2=0, C3=0) energy=-1242680511.87
    early stop: feasible batch sample found
  [3/3] Batch selected | OK | aligned cost=$101,413,238.13 | total_time=38.30s

  saved batch 11 -> batch_0011.pkl | solve=39.51s rss_peak=342.3 MB (python_tracemalloc=77.7 MB) | violations=0
>>> slurm mem appended to results/low_scale_compare/scale_off/low_scaleoff/slurm_mem_low.tsv: jobid=59667490 task=11 MaxRSS= MaxVMSize= ReqMem= Elapsed=
