>>> host=scc050 project=/home/cpulimi/ModelV1/model-v1 python=/packages/apps/mamba/2.6.2/bin/python batch=8

============================================================================
PARALLEL SOLVE - batch 8/11
============================================================================
  dataset:      instances_low
  demand rows:  11,317
  est Z vars:   49,974
  work dir:     /home/cpulimi/ModelV1/model-v1/results/low_adaptive_parallel/low_par_sqa/parallel_work
============================================================================

=== QUBO Batch 8 | 61 parts | 11,317 demand rows | estimated Z=49,974 ===
  [1/3] Building aligned manual QUBO dictionary...
    built in 1.27s | Z=49,974 Y=10,133 X=200 interactions=267,838
    penalties: C1=2,512,226.00 C2=2,512,226.00 C3=2,512,226.00
  [2a/3] Adaptive penalty phase...
    adaptive iter 1/5 | scale=502,445.2 | multipliers c1=1.00 c2=1.00 c3=1.00 c4=1.00 | binding[c1=scaled,c2=scaled,c3=scaled,c4=scaled]
    adaptive iter 1 | violations C1=1985 C2=850 C3=0 C4=0 | cost=102898202.26
    adaptive iter 2/5 | scale=502,445.2 | multipliers c1=1.50 c2=1.50 c3=1.00 c4=1.00 | binding[c1=scaled,c2=scaled,c3=scaled,c4=scaled]
    adaptive iter 2 | violations C1=1985 C2=874 C3=0 C4=0 | cost=102909257.93
    adaptive iter 3/5 | scale=502,445.2 | multipliers c1=2.25 c2=2.25 c3=1.00 c4=1.00 | binding[c1=scaled,c2=scaled,c3=scaled,c4=scaled]
    adaptive iter 3 | violations C1=2007 C2=870 C3=0 C4=0 | cost=102910213.66
    adaptive iter 4/5 | scale=502,445.2 | multipliers c1=3.38 c2=3.38 c3=1.00 c4=1.00 | binding[c1=scaled,c2=scaled,c3=scaled,c4=scaled]
    adaptive iter 4 | violations C1=2014 C2=826 C3=0 C4=0 | cost=102912714.86
    adaptive iter 5/5 | scale=502,445.2 | multipliers c1=5.06 c2=5.06 c3=1.00 c4=1.00 | binding[c1=scaled,c2=scaled,c3=scaled,c4=scaled]
    adaptive iter 5 | violations C1=2061 C2=916 C3=0 C4=0 | cost=102924928.08
  [2b/3] Adaptive exhausted (5 iters) - running retry-reads fallback with final multipliers
  [2/3] Sampling QUBO with OpenJij...
    stage 1/2: sampling 95 reads...
    stage 1/2: evaluating samples...
    stage 1 done | samples=95 sample_time=1217.64s eval_time=40.83s best_structural_violations=2953 (C1=2051, C2=902, C3=0) energy=-159458940981.86
    stage 2/2: sampling 190 reads...
    stage 2/2: evaluating samples...
    stage 2 done | samples=190 sample_time=2653.24s eval_time=94.90s best_structural_violations=2896 (C1=1989, C2=907, C3=0) energy=-160546329179.21
  [3/3] Batch selected | 2835 structural violations | aligned cost=$102,898,202.26 | total_time=10029.41s

  saved batch 8 -> batch_0008.pkl | solve=10031.74s rss_peak=3,637.6 MB (python_tracemalloc=2,164.9 MB) | violations=2835
>>> slurm mem appended to results/low_adaptive_parallel/low_par_sqa/slurm_mem_low.tsv: jobid=59076053 task=8 MaxRSS= MaxVMSize= ReqMem= Elapsed=
