>>> host=scc031 project=/home/cpulimi/ModelV1/model-v1 python=/packages/apps/mamba/2.6.2/bin/python batch=3

============================================================================
PARALLEL SOLVE - batch 3/11
============================================================================
  dataset:      instances_low
  demand rows:  11,116
  est Z vars:   49,070
  work dir:     /home/cpulimi/ModelV1/model-v1/results/low_scale_compare/scale_off/low_scaleoff/parallel_work
============================================================================

=== QUBO Batch 3 | 50 parts | 11,116 demand rows | estimated Z=49,070 ===
  [1/3] Building aligned manual QUBO dictionary...
    built in 1.24s | Z=49,070 Y=8,617 X=200 interactions=261,910
    penalties: C1=50,000.00 C2=50,000.00 C3=50,000.00
  [2a/3] Adaptive penalty phase...
    adaptive iter 1/5 | scale=1.0 | multipliers c1=1.00 c2=1.00 c3=1.00 c4=1.00 | binding[c1=floor,c2=floor,c3=floor,c4=floor]
    adaptive iter 1 | violations C1=138 C2=11 C3=0 C4=0 | cost=102765221.50
    adaptive iter 2/5 | scale=1.0 | multipliers c1=1.50 c2=1.50 c3=1.00 c4=1.00 | binding[c1=floor,c2=floor,c3=floor,c4=floor]
    adaptive iter 2 | violations C1=0 C2=0 C3=25 C4=0 | cost=95682479.82
    adaptive iter 3/5 | scale=1.0 | multipliers c1=1.50 c2=1.50 c3=1.50 c4=1.00 | binding[c1=floor,c2=floor,c3=floor,c4=floor]
    adaptive iter 3 | violations C1=156 C2=15 C3=0 C4=0 | cost=102789436.80
    adaptive iter 4/5 | scale=1.0 | multipliers c1=2.25 c2=2.25 c3=1.50 c4=1.00 | binding[c1=floor,c2=floor,c3=floor,c4=floor]
    adaptive iter 4 | violations C1=0 C2=0 C3=5 C4=0 | cost=99702728.24
    adaptive iter 5/5 | scale=1.0 | multipliers c1=2.25 c2=2.25 c3=2.25 c4=1.00 | binding[c1=floor,c2=floor,c3=floor,c4=floor]
    adaptive iter 5 | violations C1=147 C2=23 C3=0 C4=0 | cost=102785393.70
  [2b/3] Adaptive exhausted (5 iters) - running retry-reads fallback with final multipliers
  [2/3] Sampling QUBO with OpenJij...
    stage 1/2: sampling 32 reads...
    stage 1/2: evaluating samples...
    stage 1 done | samples=32 sample_time=15.67s eval_time=12.76s best_structural_violations=2 (C1=0, C2=0, C3=2) energy=-1773868832.45
    stage 2/2: sampling 64 reads...
    stage 2/2: evaluating samples...
    stage 2 done | samples=64 sample_time=26.51s eval_time=25.53s best_structural_violations=1 (C1=0, C2=0, C3=1) energy=-1774505866.24
  [3/3] Batch selected | 1 structural violations | aligned cost=$101,206,633.76 | total_time=231.69s

  saved batch 3 -> batch_0003.pkl | solve=233.20s rss_peak=1,100.5 MB (python_tracemalloc=420.8 MB) | violations=1
>>> slurm mem appended to results/low_scale_compare/scale_off/low_scaleoff/slurm_mem_low.tsv: jobid=59667490 task=3 MaxRSS= MaxVMSize= ReqMem= Elapsed=
