>>> host=scc015 project=/home/cpulimi/ModelV1/model-v1 python=/packages/apps/mamba/2.6.2/bin/python batch=4

============================================================================
PARALLEL SOLVE - batch 4/11
============================================================================
  dataset:      instances_low
  demand rows:  11,261
  est Z vars:   49,596
  work dir:     /home/cpulimi/ModelV1/model-v1/results/low_std_comparison/low_par_std_sqa/parallel_work
============================================================================

=== QUBO Batch 4 | 60 parts | 11,261 demand rows | estimated Z=49,596 ===
  [1/3] Building aligned manual QUBO dictionary...
    built in 1.28s | Z=49,596 Y=9,951 X=200 interactions=266,087
    penalties: C1=2,514,047.65 C2=2,514,047.65 C3=2,514,047.65
  [2a/3] Adaptive penalty phase...
    adaptive iter 1/5 | scale=502,809.5 | multipliers c1=1.00 c2=1.00 c3=1.00 c4=1.00 | binding[c1=scaled,c2=scaled,c3=scaled,c4=scaled]
    adaptive iter 1 | violations C1=1845 C2=907 C3=0 C4=0 | cost=103182359.90
    adaptive iter 2/5 | scale=502,809.5 | multipliers c1=1.50 c2=1.50 c3=1.00 c4=1.00 | binding[c1=scaled,c2=scaled,c3=scaled,c4=scaled]
    adaptive iter 2 | violations C1=1921 C2=886 C3=0 C4=0 | cost=103209768.29
    adaptive iter 3/5 | scale=502,809.5 | multipliers c1=2.25 c2=2.25 c3=1.00 c4=1.00 | binding[c1=scaled,c2=scaled,c3=scaled,c4=scaled]
    adaptive iter 3 | violations C1=1901 C2=884 C3=0 C4=0 | cost=103217152.53
    adaptive iter 4/5 | scale=502,809.5 | multipliers c1=3.38 c2=3.38 c3=1.00 c4=1.00 | binding[c1=scaled,c2=scaled,c3=scaled,c4=scaled]
    adaptive iter 4 | violations C1=1961 C2=862 C3=0 C4=0 | cost=103218686.62
    adaptive iter 5/5 | scale=502,809.5 | multipliers c1=5.06 c2=5.06 c3=1.00 c4=1.00 | binding[c1=scaled,c2=scaled,c3=scaled,c4=scaled]
    adaptive iter 5 | violations C1=1933 C2=862 C3=0 C4=0 | cost=103249448.79
  [2b/3] Adaptive exhausted (5 iters) - running retry-reads fallback with final multipliers
  [2/3] Sampling QUBO with OpenJij...
    stage 1/3: sampling 315 reads...
