>>> host=scc018 project=/home/cpulimi/ModelV1/model-v1 python=/packages/apps/mamba/2.6.2/bin/python batch=3

============================================================================
PARALLEL SOLVE - batch 3/11
============================================================================
  dataset:      instances_low
  demand rows:  11,116
  est Z vars:   49,070
  work dir:     /home/cpulimi/ModelV1/model-v1/results/low_scale_compare/scale_on/low_scaleon/parallel_work
============================================================================

=== QUBO Batch 3 | 50 parts | 11,116 demand rows | estimated Z=49,070 ===
  [1/3] Building aligned manual QUBO dictionary...
    built in 1.24s | Z=49,070 Y=8,617 X=200 interactions=261,910
    penalties: C1=2,509,761.80 C2=2,509,761.80 C3=2,509,761.80
  [2a/3] Adaptive penalty phase...
    adaptive iter 1/5 | scale=501,952.4 | multipliers c1=1.00 c2=1.00 c3=1.00 c4=1.00 | binding[c1=scaled,c2=scaled,c3=scaled,c4=scaled]
    adaptive iter 1 | violations C1=69 C2=7 C3=0 C4=0 | cost=102778230.62
    adaptive iter 2/5 | scale=501,952.4 | multipliers c1=1.50 c2=1.50 c3=1.00 c4=1.00 | binding[c1=scaled,c2=scaled,c3=scaled,c4=scaled]
    adaptive iter 2 | violations C1=0 C2=0 C3=0 C4=0 | cost=102611746.51
    adaptive feasible at iter 2
  [2b/3] Adaptive succeeded - skipping retry-reads fallback
  [3/3] Batch selected | OK | aligned cost=$102,611,746.51 | total_time=59.62s

  saved batch 3 -> batch_0003.pkl | solve=61.12s rss_peak=820.8 MB (python_tracemalloc=299.0 MB) | violations=0
>>> slurm mem appended to results/low_scale_compare/scale_on/low_scaleon/slurm_mem_low.tsv: jobid=59667478 task=3 MaxRSS= MaxVMSize= ReqMem= Elapsed=
