>>> host=scc009 project=/home/cpulimi/ModelV1/model-v1 python=/packages/apps/mamba/2.6.2/bin/python batch=4

============================================================================
PARALLEL SOLVE - batch 4/11
============================================================================
  dataset:      instances_low
  demand rows:  11,261
  est Z vars:   49,596
  work dir:     /home/cpulimi/ModelV1/model-v1/results/low_adaptive_parallel/low_par_sqa/parallel_work
============================================================================

=== QUBO Batch 4 | 60 parts | 11,261 demand rows | estimated Z=49,596 ===
  [1/3] Building aligned manual QUBO dictionary...
    built in 1.27s | Z=49,596 Y=9,951 X=200 interactions=266,087
    penalties: C1=2,514,047.65 C2=2,514,047.65 C3=2,514,047.65
  [2a/3] Adaptive penalty phase...
    adaptive iter 1/5 | scale=502,809.5 | multipliers c1=1.00 c2=1.00 c3=1.00 c4=1.00 | binding[c1=scaled,c2=scaled,c3=scaled,c4=scaled]
    adaptive iter 1 | violations C1=1941 C2=884 C3=0 C4=0 | cost=103224013.99
    adaptive iter 2/5 | scale=502,809.5 | multipliers c1=1.50 c2=1.50 c3=1.00 c4=1.00 | binding[c1=scaled,c2=scaled,c3=scaled,c4=scaled]
    adaptive iter 2 | violations C1=1976 C2=874 C3=0 C4=0 | cost=103225654.32
    adaptive iter 3/5 | scale=502,809.5 | multipliers c1=2.25 c2=2.25 c3=1.00 c4=1.00 | binding[c1=scaled,c2=scaled,c3=scaled,c4=scaled]
    adaptive iter 3 | violations C1=1947 C2=889 C3=0 C4=0 | cost=103216370.20
    adaptive iter 4/5 | scale=502,809.5 | multipliers c1=3.38 c2=3.38 c3=1.00 c4=1.00 | binding[c1=scaled,c2=scaled,c3=scaled,c4=scaled]
    adaptive iter 4 | violations C1=1965 C2=839 C3=0 C4=0 | cost=103235392.24
    adaptive iter 5/5 | scale=502,809.5 | multipliers c1=5.06 c2=5.06 c3=1.00 c4=1.00 | binding[c1=scaled,c2=scaled,c3=scaled,c4=scaled]
    adaptive iter 5 | violations C1=1999 C2=995 C3=0 C4=0 | cost=103225682.24
  [2b/3] Adaptive exhausted (5 iters) - running retry-reads fallback with final multipliers
  [2/3] Sampling QUBO with OpenJij...
    stage 1/2: sampling 95 reads...
    stage 1/2: evaluating samples...
    stage 1 done | samples=95 sample_time=1373.41s eval_time=41.06s best_structural_violations=2811 (C1=1946, C2=865, C3=0) energy=-161216145258.50
    stage 2/2: sampling 190 reads...
    stage 2/2: evaluating samples...
    stage 2 done | samples=190 sample_time=2925.12s eval_time=81.76s best_structural_violations=2854 (C1=2006, C2=848, C3=0) energy=-160395244111.29
  [3/3] Batch selected | 2804 structural violations | aligned cost=$103,235,392.24 | total_time=10932.01s

  saved batch 4 -> batch_0004.pkl | solve=10933.33s rss_peak=3,612.3 MB (python_tracemalloc=2,148.5 MB) | violations=2804
>>> slurm mem appended to results/low_adaptive_parallel/low_par_sqa/slurm_mem_low.tsv: jobid=59076053 task=4 MaxRSS= MaxVMSize= ReqMem= Elapsed=
