>>> host=scc021 project=/home/cpulimi/ModelV1/model-v1 python=/packages/apps/mamba/2.6.2/bin/python batch=4

============================================================================
PARALLEL SOLVE - batch 4/11
============================================================================
  dataset:      instances_low
  demand rows:  11,261
  est Z vars:   49,596
  work dir:     /home/cpulimi/ModelV1/model-v1/results/low_std_comparison/low_par_std_sa/parallel_work
============================================================================

=== QUBO Batch 4 | 60 parts | 11,261 demand rows | estimated Z=49,596 ===
  [1/3] Building aligned manual QUBO dictionary...
    built in 1.29s | Z=49,596 Y=9,951 X=200 interactions=266,087
    penalties: C1=2,514,047.65 C2=2,514,047.65 C3=2,514,047.65
  [2a/3] Adaptive penalty phase...
    adaptive iter 1/5 | scale=502,809.5 | multipliers c1=1.00 c2=1.00 c3=1.00 c4=1.00 | binding[c1=scaled,c2=scaled,c3=scaled,c4=scaled]
    adaptive iter 1 | violations C1=0 C2=0 C3=0 C4=0 | cost=103378144.29
    adaptive feasible at iter 1
  [2b/3] Adaptive succeeded - skipping retry-reads fallback
  [3/3] Batch selected | OK | aligned cost=$103,378,144.29 | total_time=1109.43s

  saved batch 4 -> batch_0004.pkl | solve=1111.04s rss_peak=4,135.1 MB (python_tracemalloc=1,794.2 MB) | violations=0
>>> slurm mem appended to results/low_std_comparison/low_par_std_sa/slurm_mem_low.tsv: jobid=59487361 task=4 MaxRSS= MaxVMSize= ReqMem= Elapsed=
