>>> host=scc021 project=/home/cpulimi/ModelV1/model-v1 python=/packages/apps/mamba/2.6.2/bin/python batch=10

============================================================================
PARALLEL SOLVE - batch 10/11
============================================================================
  dataset:      instances_low
  demand rows:  11,271
  est Z vars:   48,929
  work dir:     /home/cpulimi/ModelV1/model-v1/results/low_std_comparison/low_par_std_sqa/parallel_work
============================================================================

=== QUBO Batch 10 | 58 parts | 11,271 demand rows | estimated Z=48,929 ===
  [1/3] Building aligned manual QUBO dictionary...
    built in 1.27s | Z=48,929 Y=9,859 X=200 interactions=260,893
    penalties: C1=2,509,234.40 C2=2,509,234.40 C3=2,509,234.40
  [2a/3] Adaptive penalty phase...
    adaptive iter 1/5 | scale=501,846.9 | multipliers c1=1.00 c2=1.00 c3=1.00 c4=1.00 | binding[c1=scaled,c2=scaled,c3=scaled,c4=scaled]
    adaptive iter 1 | violations C1=1872 C2=879 C3=0 C4=0 | cost=103023843.24
    adaptive iter 2/5 | scale=501,846.9 | multipliers c1=1.50 c2=1.50 c3=1.00 c4=1.00 | binding[c1=scaled,c2=scaled,c3=scaled,c4=scaled]
    adaptive iter 2 | violations C1=1813 C2=820 C3=0 C4=0 | cost=103013533.39
    adaptive iter 3/5 | scale=501,846.9 | multipliers c1=2.25 c2=2.25 c3=1.00 c4=1.00 | binding[c1=scaled,c2=scaled,c3=scaled,c4=scaled]
    adaptive iter 3 | violations C1=1883 C2=844 C3=0 C4=0 | cost=103004872.93
    adaptive iter 4/5 | scale=501,846.9 | multipliers c1=3.38 c2=3.38 c3=1.00 c4=1.00 | binding[c1=scaled,c2=scaled,c3=scaled,c4=scaled]
    adaptive iter 4 | violations C1=1939 C2=881 C3=0 C4=0 | cost=103024104.27
    adaptive iter 5/5 | scale=501,846.9 | multipliers c1=5.06 c2=5.06 c3=1.00 c4=1.00 | binding[c1=scaled,c2=scaled,c3=scaled,c4=scaled]
    adaptive iter 5 | violations C1=1903 C2=909 C3=0 C4=0 | cost=102999615.64
  [2b/3] Adaptive exhausted (5 iters) - running retry-reads fallback with final multipliers
  [2/3] Sampling QUBO with OpenJij...
    stage 1/3: sampling 313 reads...
    stage 1/3: evaluating samples...
    stage 1 done | samples=313 sample_time=13245.57s eval_time=154.47s best_structural_violations=2710 (C1=1863, C2=847, C3=0) energy=-163022532781.22
    stage 2/3: sampling 626 reads...
    stage 2/3: evaluating samples...
    stage 2 done | samples=626 sample_time=23919.76s eval_time=279.47s best_structural_violations=2718 (C1=1882, C2=836, C3=0) energy=-162870113165.28
    stage 3/3: sampling 1252 reads...
    stage 3/3: evaluating samples...
    stage 3 done | samples=1252 sample_time=47328.06s eval_time=566.86s best_structural_violations=2783 (C1=1912, C2=871, C3=0) energy=-161631569290.05
  [3/3] Batch selected | 2633 structural violations | aligned cost=$103,013,533.39 | total_time=146370.02s

  saved batch 10 -> batch_0010.pkl | solve=146371.29s rss_peak=21,869.9 MB (python_tracemalloc=13,531.0 MB) | violations=2633
>>> slurm mem appended to results/low_std_comparison/low_par_std_sqa/slurm_mem_low.tsv: jobid=59487364 task=10 MaxRSS= MaxVMSize= ReqMem= Elapsed=
