>>> host=scc051 project=/home/cpulimi/ModelV1/model-v1 python=/packages/apps/mamba/2.6.2/bin/python batch=7

============================================================================
PARALLEL SOLVE - batch 7/11
============================================================================
  dataset:      instances_low
  demand rows:  11,232
  est Z vars:   49,149
  work dir:     /home/cpulimi/ModelV1/model-v1/results/low_scale_compare/scale_off/low_scaleoff/parallel_work
============================================================================

=== QUBO Batch 7 | 53 parts | 11,232 demand rows | estimated Z=49,149 ===
  [1/3] Building aligned manual QUBO dictionary...
    built in 1.26s | Z=49,149 Y=8,910 X=200 interactions=262,747
    penalties: C1=50,000.00 C2=50,000.00 C3=50,000.00
  [2a/3] Adaptive penalty phase...
    adaptive iter 1/5 | scale=1.0 | multipliers c1=1.00 c2=1.00 c3=1.00 c4=1.00 | binding[c1=floor,c2=floor,c3=floor,c4=floor]
    adaptive iter 1 | violations C1=190 C2=26 C3=0 C4=0 | cost=102984621.56
    adaptive iter 2/5 | scale=1.0 | multipliers c1=1.50 c2=1.50 c3=1.00 c4=1.00 | binding[c1=floor,c2=floor,c3=floor,c4=floor]
    adaptive iter 2 | violations C1=0 C2=0 C3=29 C4=0 | cost=94858044.39
    adaptive iter 3/5 | scale=1.0 | multipliers c1=1.50 c2=1.50 c3=1.50 c4=1.00 | binding[c1=floor,c2=floor,c3=floor,c4=floor]
    adaptive iter 3 | violations C1=169 C2=26 C3=0 C4=0 | cost=103006205.02
    adaptive iter 4/5 | scale=1.0 | multipliers c1=2.25 c2=2.25 c3=1.50 c4=1.00 | binding[c1=floor,c2=floor,c3=floor,c4=floor]
    adaptive iter 4 | violations C1=0 C2=0 C3=6 C4=0 | cost=99912670.91
    adaptive iter 5/5 | scale=1.0 | multipliers c1=2.25 c2=2.25 c3=2.25 c4=1.00 | binding[c1=floor,c2=floor,c3=floor,c4=floor]
    adaptive iter 5 | violations C1=139 C2=11 C3=0 C4=0 | cost=102977407.01
  [2b/3] Adaptive exhausted (5 iters) - running retry-reads fallback with final multipliers
  [2/3] Sampling QUBO with OpenJij...
    stage 1/2: sampling 32 reads...
    stage 1/2: evaluating samples...
    stage 1 done | samples=32 sample_time=15.79s eval_time=12.88s best_structural_violations=0 (C1=0, C2=0, C3=0) energy=-1792460031.76
    early stop: feasible batch sample found
  [3/3] Batch selected | OK | aligned cost=$102,939,968.24 | total_time=180.68s

  saved batch 7 -> batch_0007.pkl | solve=182.20s rss_peak=854.6 MB (python_tracemalloc=306.3 MB) | violations=0
>>> slurm mem appended to results/low_scale_compare/scale_off/low_scaleoff/slurm_mem_low.tsv: jobid=59667490 task=7 MaxRSS= MaxVMSize= ReqMem= Elapsed=
