>>> host=scc048 project=/home/cpulimi/ModelV1/model-v1 python=/packages/apps/mamba/2.6.2/bin/python batch=8 threads=128

============================================================================
PARALLEL SOLVE - batch 8/11
============================================================================
  dataset:      instances_low
  demand rows:  11,317
  est Z vars:   49,974
  work dir:     /home/cpulimi/ModelV1/model-v1/results/low_adaptive_parallel_max/low_par_max/parallel_work
============================================================================

=== QUBO Batch 8 | 61 parts | 11,317 demand rows | estimated Z=49,974 ===
  [1/3] Building aligned manual QUBO dictionary...
    built in 1.25s | Z=49,974 Y=10,133 X=200 interactions=267,838
    penalties: C1=2,512,226.00 C2=2,512,226.00 C3=2,512,226.00
  [2a/3] Adaptive penalty phase...
    adaptive iter 1/5 | multipliers c1=1.00 c2=1.00 c3=1.00
    adaptive iter 1 | violations C1=0 C2=0 C3=0 | cost=102976896.69
    adaptive feasible at iter 1
  [2b/3] Adaptive succeeded - skipping retry-reads fallback
  [3/3] Batch selected | OK | aligned cost=$102,976,896.69 | total_time=19349.19s

  saved batch 8 -> batch_0008.pkl | solve=19350.21s peak=8,624.5 MB | violations=0
