>>> host=scc045 project=/home/cpulimi/ModelV1/model-v1 python=/packages/apps/mamba/2.6.2/bin/python batch=9

============================================================================
PARALLEL SOLVE - batch 9/11
============================================================================
  dataset:      instances_low
  demand rows:  11,326
  est Z vars:   49,294
  work dir:     /home/cpulimi/ModelV1/model-v1/results/low_adaptive_parallel/low_par_sqa/parallel_work
============================================================================

=== QUBO Batch 9 | 61 parts | 11,326 demand rows | estimated Z=49,294 ===
  [1/3] Building aligned manual QUBO dictionary...
    built in 1.30s | Z=49,294 Y=10,168 X=200 interactions=263,574
    penalties: C1=2,509,584.20 C2=2,509,584.20 C3=2,509,584.20
  [2a/3] Adaptive penalty phase...
    adaptive iter 1/5 | scale=501,916.8 | multipliers c1=1.00 c2=1.00 c3=1.00 c4=1.00 | binding[c1=scaled,c2=scaled,c3=scaled,c4=scaled]
    adaptive iter 1 | violations C1=1983 C2=837 C3=0 C4=0 | cost=103014123.05
    adaptive iter 2/5 | scale=501,916.8 | multipliers c1=1.50 c2=1.50 c3=1.00 c4=1.00 | binding[c1=scaled,c2=scaled,c3=scaled,c4=scaled]
    adaptive iter 2 | violations C1=1983 C2=881 C3=0 C4=0 | cost=103018873.61
    adaptive iter 3/5 | scale=501,916.8 | multipliers c1=2.25 c2=2.25 c3=1.00 c4=1.00 | binding[c1=scaled,c2=scaled,c3=scaled,c4=scaled]
    adaptive iter 3 | violations C1=1985 C2=910 C3=0 C4=0 | cost=103007064.61
    adaptive iter 4/5 | scale=501,916.8 | multipliers c1=3.38 c2=3.38 c3=1.00 c4=1.00 | binding[c1=scaled,c2=scaled,c3=scaled,c4=scaled]
    adaptive iter 4 | violations C1=1972 C2=930 C3=0 C4=0 | cost=103016878.05
    adaptive iter 5/5 | scale=501,916.8 | multipliers c1=5.06 c2=5.06 c3=1.00 c4=1.00 | binding[c1=scaled,c2=scaled,c3=scaled,c4=scaled]
    adaptive iter 5 | violations C1=1954 C2=943 C3=0 C4=0 | cost=103008533.89
  [2b/3] Adaptive exhausted (5 iters) - running retry-reads fallback with final multipliers
  [2/3] Sampling QUBO with OpenJij...
    stage 1/2: sampling 95 reads...
    stage 1/2: evaluating samples...
    stage 1 done | samples=95 sample_time=1495.36s eval_time=45.37s best_structural_violations=2906 (C1=1979, C2=927, C3=0) energy=-160358228013.45
    stage 2/2: sampling 190 reads...
    stage 2/2: evaluating samples...
    stage 2 done | samples=190 sample_time=2983.73s eval_time=88.53s best_structural_violations=2858 (C1=1982, C2=876, C3=0) energy=-161272943773.09
  [3/3] Batch selected | 2820 structural violations | aligned cost=$103,014,123.05 | total_time=11420.91s

  saved batch 9 -> batch_0009.pkl | solve=11422.15s rss_peak=3,607.3 MB (python_tracemalloc=2,145.6 MB) | violations=2820
>>> slurm mem appended to results/low_adaptive_parallel/low_par_sqa/slurm_mem_low.tsv: jobid=59076053 task=9 MaxRSS= MaxVMSize= ReqMem= Elapsed=
