>>> host=scc050 project=/home/cpulimi/ModelV1/model-v1 python=/packages/apps/mamba/2.6.2/bin/python batch=6

============================================================================
PARALLEL SOLVE - batch 6/11
============================================================================
  dataset:      instances_low
  demand rows:  10,912
  est Z vars:   48,082
  work dir:     /home/cpulimi/ModelV1/model-v1/results/low_scale_compare/scale_off/low_scaleoff/parallel_work
============================================================================

=== QUBO Batch 6 | 49 parts | 10,912 demand rows | estimated Z=48,082 ===
  [1/3] Building aligned manual QUBO dictionary...
    built in 1.22s | Z=48,082 Y=8,325 X=200 interactions=256,633
    penalties: C1=50,000.00 C2=50,000.00 C3=50,000.00
  [2a/3] Adaptive penalty phase...
    adaptive iter 1/5 | scale=1.0 | multipliers c1=1.00 c2=1.00 c3=1.00 c4=1.00 | binding[c1=floor,c2=floor,c3=floor,c4=floor]
    adaptive iter 1 | violations C1=141 C2=23 C3=0 C4=0 | cost=102909039.54
    adaptive iter 2/5 | scale=1.0 | multipliers c1=1.50 c2=1.50 c3=1.00 c4=1.00 | binding[c1=floor,c2=floor,c3=floor,c4=floor]
    adaptive iter 2 | violations C1=0 C2=0 C3=35 C4=0 | cost=93758129.95
    adaptive iter 3/5 | scale=1.0 | multipliers c1=1.50 c2=1.50 c3=1.50 c4=1.00 | binding[c1=floor,c2=floor,c3=floor,c4=floor]
    adaptive iter 3 | violations C1=133 C2=20 C3=0 C4=0 | cost=102912233.65
    adaptive iter 4/5 | scale=1.0 | multipliers c1=2.25 c2=2.25 c3=1.50 c4=1.00 | binding[c1=floor,c2=floor,c3=floor,c4=floor]
    adaptive iter 4 | violations C1=0 C2=0 C3=4 C4=0 | cost=99851634.56
    adaptive iter 5/5 | scale=1.0 | multipliers c1=2.25 c2=2.25 c3=2.25 c4=1.00 | binding[c1=floor,c2=floor,c3=floor,c4=floor]
    adaptive iter 5 | violations C1=125 C2=17 C3=0 C4=0 | cost=102918260.08
  [2b/3] Adaptive exhausted (5 iters) - running retry-reads fallback with final multipliers
  [2/3] Sampling QUBO with OpenJij...
    stage 1/2: sampling 32 reads...
    stage 1/2: evaluating samples...
    stage 1 done | samples=32 sample_time=15.42s eval_time=12.29s best_structural_violations=1 (C1=0, C2=0, C3=1) energy=-1739449892.89
    stage 2/2: sampling 64 reads...
    stage 2/2: evaluating samples...
    stage 2 done | samples=64 sample_time=26.05s eval_time=24.81s best_structural_violations=0 (C1=0, C2=0, C3=0) energy=-1740064350.60
    early stop: feasible batch sample found
  [3/3] Batch selected | OK | aligned cost=$101,335,649.40 | total_time=226.55s

  saved batch 6 -> batch_0006.pkl | solve=227.94s rss_peak=1,084.0 MB (python_tracemalloc=414.9 MB) | violations=0
>>> slurm mem appended to results/low_scale_compare/scale_off/low_scaleoff/slurm_mem_low.tsv: jobid=59667490 task=6 MaxRSS= MaxVMSize= ReqMem= Elapsed=
