>>> host=sch001 project=/home/cpulimi/ModelV1/model-v1 python=/packages/apps/mamba/2.6.2/bin/python
============================================================================
QUBO FINAL RESULTS (PARALLEL MERGE)
============================================================================
  total cost:                 $78,765,752.42
  inventory cost:             $8,911,393.36
  fixed open-hub cost:        $56,000,000.00
  overflow storage cost:      $0.00
  new-hub transfer cost:      $603,100.00
  assignment transport cost:  $13,251,259.06
  open hubs:                  112
  closed hubs:                88
  stocked hub-part pairs:     43,795
  hub-zip-part pairings:      115,710
  structural violations:      0
  SLA distance violations:    29,802
  wall time:                  304.22s
  peak/current memory:        442.9/38.7 MB
  output folder:              /home/cpulimi/ModelV1/model-v1/results/low_scale_compare/scale_off/low_scaleoff/qubo
============================================================================

  parallel critical path: 304.2s (sequential-equivalent would be 2,095.7s)
  pipeline breakdown: build=13.1s sample=1,808.0s eval=261.9s postprocess=50.2s (hub_prune=47.6s) cost=0.3s => total_pipeline=2,133.5s
  memory: merge_rss_peak=408.4 MB max_single_batch_rss=1,155.2 MB sum_of_batch_peaks_rss=10,483.3 MB (conservative upper bound)
  outputs: /home/cpulimi/ModelV1/model-v1/results/low_scale_compare/scale_off/low_scaleoff/qubo
>>> slurm mem appended to results/low_scale_compare/scale_off/low_scaleoff/slurm_mem_low.tsv: jobid=59667491 task=merge MaxRSS= MaxVMSize= ReqMem= Elapsed=
