>>> host=scc030 project=/home/cpulimi/ModelV1/model-v1 python=/packages/apps/mamba/2.6.2/bin/python batch=2

============================================================================
PARALLEL SOLVE - batch 2/11
============================================================================
  dataset:      instances_low
  demand rows:  11,087
  est Z vars:   49,711
  work dir:     /home/cpulimi/ModelV1/model-v1/results/low_scale_compare/scale_off/low_scaleoff/parallel_work
============================================================================

=== QUBO Batch 2 | 56 parts | 11,087 demand rows | estimated Z=49,711 ===
  [1/3] Building aligned manual QUBO dictionary...
    built in 1.28s | Z=49,711 Y=9,313 X=200 interactions=267,682
    penalties: C1=50,000.00 C2=50,000.00 C3=50,000.00
  [2a/3] Adaptive penalty phase...
    adaptive iter 1/5 | scale=1.0 | multipliers c1=1.00 c2=1.00 c3=1.00 c4=1.00 | binding[c1=floor,c2=floor,c3=floor,c4=floor]
    adaptive iter 1 | violations C1=196 C2=29 C3=0 C4=0 | cost=103282229.54
    adaptive iter 2/5 | scale=1.0 | multipliers c1=1.50 c2=1.50 c3=1.00 c4=1.00 | binding[c1=floor,c2=floor,c3=floor,c4=floor]
    adaptive iter 2 | violations C1=0 C2=0 C3=21 C4=0 | cost=96634006.64
    adaptive iter 3/5 | scale=1.0 | multipliers c1=1.50 c2=1.50 c3=1.50 c4=1.00 | binding[c1=floor,c2=floor,c3=floor,c4=floor]
    adaptive iter 3 | violations C1=134 C2=17 C3=0 C4=0 | cost=103281878.92
    adaptive iter 4/5 | scale=1.0 | multipliers c1=2.25 c2=2.25 c3=1.50 c4=1.00 | binding[c1=floor,c2=floor,c3=floor,c4=floor]
    adaptive iter 4 | violations C1=0 C2=0 C3=4 C4=0 | cost=102212607.92
    adaptive iter 5/5 | scale=1.0 | multipliers c1=2.25 c2=2.25 c3=2.25 c4=1.00 | binding[c1=floor,c2=floor,c3=floor,c4=floor]
    adaptive iter 5 | violations C1=87 C2=19 C3=0 C4=0 | cost=103282599.32
  [2b/3] Adaptive exhausted (5 iters) - running retry-reads fallback with final multipliers
  [2/3] Sampling QUBO with OpenJij...
    stage 1/2: sampling 32 reads...
    stage 1/2: evaluating samples...
    stage 1 done | samples=32 sample_time=16.18s eval_time=12.99s best_structural_violations=1 (C1=0, C2=0, C3=1) energy=-1768116315.01
    stage 2/2: sampling 64 reads...
    stage 2/2: evaluating samples...
    stage 2 done | samples=64 sample_time=27.29s eval_time=26.05s best_structural_violations=0 (C1=0, C2=0, C3=0) energy=-1767708884.49
    early stop: feasible batch sample found
  [3/3] Batch selected | OK | aligned cost=$103,222,365.51 | total_time=237.42s

  saved batch 2 -> batch_0002.pkl | solve=238.80s rss_peak=1,114.3 MB (python_tracemalloc=426.5 MB) | violations=0
>>> slurm mem appended to results/low_scale_compare/scale_off/low_scaleoff/slurm_mem_low.tsv: jobid=59667490 task=2 MaxRSS= MaxVMSize= ReqMem= Elapsed=
