>>> host=scc010 project=/home/cpulimi/ModelV1/model-v1 python=/packages/apps/mamba/2.6.2/bin/python batch=5

============================================================================
PARALLEL SOLVE - batch 5/11
============================================================================
  dataset:      instances_low
  demand rows:  11,308
  est Z vars:   49,516
  work dir:     /home/cpulimi/ModelV1/model-v1/results/low_adaptive_parallel/low_par_sqa/parallel_work
============================================================================

=== QUBO Batch 5 | 58 parts | 11,308 demand rows | estimated Z=49,516 ===
  [1/3] Building aligned manual QUBO dictionary...
    built in 1.27s | Z=49,516 Y=9,685 X=200 interactions=265,655
    penalties: C1=2,511,341.85 C2=2,511,341.85 C3=2,511,341.85
  [2a/3] Adaptive penalty phase...
    adaptive iter 1/5 | scale=502,268.4 | multipliers c1=1.00 c2=1.00 c3=1.00 c4=1.00 | binding[c1=scaled,c2=scaled,c3=scaled,c4=scaled]
    adaptive iter 1 | violations C1=1990 C2=873 C3=0 C4=0 | cost=103057495.43
    adaptive iter 2/5 | scale=502,268.4 | multipliers c1=1.50 c2=1.50 c3=1.00 c4=1.00 | binding[c1=scaled,c2=scaled,c3=scaled,c4=scaled]
    adaptive iter 2 | violations C1=1971 C2=880 C3=0 C4=0 | cost=103059274.28
    adaptive iter 3/5 | scale=502,268.4 | multipliers c1=2.25 c2=2.25 c3=1.00 c4=1.00 | binding[c1=scaled,c2=scaled,c3=scaled,c4=scaled]
    adaptive iter 3 | violations C1=1994 C2=883 C3=0 C4=0 | cost=103076170.44
    adaptive iter 4/5 | scale=502,268.4 | multipliers c1=3.38 c2=3.38 c3=1.00 c4=1.00 | binding[c1=scaled,c2=scaled,c3=scaled,c4=scaled]
    adaptive iter 4 | violations C1=2005 C2=852 C3=0 C4=0 | cost=103076007.83
    adaptive iter 5/5 | scale=502,268.4 | multipliers c1=5.06 c2=5.06 c3=1.00 c4=1.00 | binding[c1=scaled,c2=scaled,c3=scaled,c4=scaled]
    adaptive iter 5 | violations C1=1958 C2=905 C3=0 C4=0 | cost=103063859.13
  [2b/3] Adaptive exhausted (5 iters) - running retry-reads fallback with final multipliers
  [2/3] Sampling QUBO with OpenJij...
    stage 1/2: sampling 95 reads...
    stage 1/2: evaluating samples...
    stage 1 done | samples=95 sample_time=1288.69s eval_time=47.49s best_structural_violations=2879 (C1=2005, C2=874, C3=0) energy=-160642195939.40
    stage 2/2: sampling 190 reads...
    stage 2/2: evaluating samples...
    stage 2 done | samples=190 sample_time=2807.14s eval_time=83.14s best_structural_violations=2911 (C1=2028, C2=883, C3=0) energy=-160031928230.01
  [3/3] Batch selected | 2851 structural violations | aligned cost=$103,059,274.28 | total_time=11396.31s

  saved batch 5 -> batch_0005.pkl | solve=11397.60s rss_peak=3,594.2 MB (python_tracemalloc=2,138.7 MB) | violations=2851
>>> slurm mem appended to results/low_adaptive_parallel/low_par_sqa/slurm_mem_low.tsv: jobid=59076053 task=5 MaxRSS= MaxVMSize= ReqMem= Elapsed=
