>>> host=scc010 project=/home/cpulimi/ModelV1/model-v1 python=/packages/apps/mamba/2.6.2/bin/python batch=6

============================================================================
PARALLEL SOLVE - batch 6/11
============================================================================
  dataset:      instances_low
  demand rows:  10,912
  est Z vars:   48,082
  work dir:     /home/cpulimi/ModelV1/model-v1/results/low_scale_compare/scale_on/low_scaleon/parallel_work
============================================================================

=== QUBO Batch 6 | 49 parts | 10,912 demand rows | estimated Z=48,082 ===
  [1/3] Building aligned manual QUBO dictionary...
    built in 1.23s | Z=48,082 Y=8,325 X=200 interactions=256,633
    penalties: C1=2,511,166.55 C2=2,511,166.55 C3=2,511,166.55
  [2a/3] Adaptive penalty phase...
    adaptive iter 1/5 | scale=502,233.3 | multipliers c1=1.00 c2=1.00 c3=1.00 c4=1.00 | binding[c1=scaled,c2=scaled,c3=scaled,c4=scaled]
    adaptive iter 1 | violations C1=65 C2=9 C3=0 C4=0 | cost=102917339.95
    adaptive iter 2/5 | scale=502,233.3 | multipliers c1=1.50 c2=1.50 c3=1.00 c4=1.00 | binding[c1=scaled,c2=scaled,c3=scaled,c4=scaled]
    adaptive iter 2 | violations C1=0 C2=0 C3=0 C4=0 | cost=102707433.44
    adaptive feasible at iter 2
  [2b/3] Adaptive succeeded - skipping retry-reads fallback
  [3/3] Batch selected | OK | aligned cost=$102,707,433.44 | total_time=57.69s

  saved batch 6 -> batch_0006.pkl | solve=59.17s rss_peak=809.8 MB (python_tracemalloc=294.5 MB) | violations=0
>>> slurm mem appended to results/low_scale_compare/scale_on/low_scaleon/slurm_mem_low.tsv: jobid=59667478 task=6 MaxRSS= MaxVMSize= ReqMem= Elapsed=
