>>> host=scc029 project=/home/cpulimi/ModelV1/model-v1 python=/packages/apps/mamba/2.6.2/bin/python batch=1

============================================================================
PARALLEL SOLVE - batch 1/11
============================================================================
  dataset:      instances_low
  demand rows:  11,340
  est Z vars:   49,879
  work dir:     /home/cpulimi/ModelV1/model-v1/results/low_scale_compare/scale_off/low_scaleoff/parallel_work
============================================================================

=== QUBO Batch 1 | 71 parts | 11,340 demand rows | estimated Z=49,879 ===
  [1/3] Building aligned manual QUBO dictionary...
    built in 1.29s | Z=49,879 Y=11,556 X=200 interactions=272,272
    penalties: C1=50,000.00 C2=50,000.00 C3=50,000.00
  [2a/3] Adaptive penalty phase...
    adaptive iter 1/5 | scale=1.0 | multipliers c1=1.00 c2=1.00 c3=1.00 c4=1.00 | binding[c1=floor,c2=floor,c3=floor,c4=floor]
    adaptive iter 1 | violations C1=43 C2=8 C3=0 C4=0 | cost=103327337.19
    adaptive iter 2/5 | scale=1.0 | multipliers c1=1.50 c2=1.50 c3=1.00 c4=1.00 | binding[c1=floor,c2=floor,c3=floor,c4=floor]
    adaptive iter 2 | violations C1=0 C2=0 C3=1 C4=0 | cost=102839722.00
    adaptive iter 3/5 | scale=1.0 | multipliers c1=1.50 c2=1.50 c3=1.50 c4=1.00 | binding[c1=floor,c2=floor,c3=floor,c4=floor]
    adaptive iter 3 | violations C1=22 C2=5 C3=0 C4=0 | cost=103359831.45
    adaptive iter 4/5 | scale=1.0 | multipliers c1=2.25 c2=2.25 c3=1.50 c4=1.00 | binding[c1=floor,c2=floor,c3=floor,c4=floor]
    adaptive iter 4 | violations C1=0 C2=0 C3=3 C4=0 | cost=102296076.08
    adaptive iter 5/5 | scale=1.0 | multipliers c1=2.25 c2=2.25 c3=2.25 c4=1.00 | binding[c1=floor,c2=floor,c3=floor,c4=floor]
    adaptive iter 5 | violations C1=17 C2=0 C3=0 C4=0 | cost=103341615.42
  [2b/3] Adaptive exhausted (5 iters) - running retry-reads fallback with final multipliers
  [2/3] Sampling QUBO with OpenJij...
    stage 1/2: sampling 32 reads...
    stage 1/2: evaluating samples...
    stage 1 done | samples=32 sample_time=16.78s eval_time=13.43s best_structural_violations=23 (C1=7, C2=16, C3=0) energy=-1807277157.36
    stage 2/2: sampling 64 reads...
    stage 2/2: evaluating samples...
    stage 2 done | samples=64 sample_time=28.64s eval_time=27.04s best_structural_violations=28 (C1=6, C2=22, C3=0) energy=-1806768391.69
  [3/3] Batch selected | 1 structural violations | aligned cost=$102,839,722.00 | total_time=245.13s

  saved batch 1 -> batch_0001.pkl | solve=246.53s rss_peak=1,155.2 MB (python_tracemalloc=442.9 MB) | violations=1
>>> slurm mem appended to results/low_scale_compare/scale_off/low_scaleoff/slurm_mem_low.tsv: jobid=59667490 task=1 MaxRSS= MaxVMSize= ReqMem= Elapsed=
