>>> host=scc044 project=/home/cpulimi/ModelV1/model-v1 python=/packages/apps/mamba/2.6.2/bin/python batch=4 threads=128

============================================================================
PARALLEL SOLVE - batch 4/11
============================================================================
  dataset:      instances_low
  demand rows:  11,261
  est Z vars:   49,596
  work dir:     /home/cpulimi/ModelV1/model-v1/results/low_adaptive_parallel_max/low_par_max/parallel_work
============================================================================

=== QUBO Batch 4 | 60 parts | 11,261 demand rows | estimated Z=49,596 ===
  [1/3] Building aligned manual QUBO dictionary...
    built in 1.25s | Z=49,596 Y=9,951 X=200 interactions=266,087
    penalties: C1=2,514,047.65 C2=2,514,047.65 C3=2,514,047.65
  [2a/3] Adaptive penalty phase...
    adaptive iter 1/5 | multipliers c1=1.00 c2=1.00 c3=1.00
    adaptive iter 1 | violations C1=0 C2=0 C3=0 | cost=103370627.54
    adaptive feasible at iter 1
  [2b/3] Adaptive succeeded - skipping retry-reads fallback
  [3/3] Batch selected | OK | aligned cost=$103,370,627.54 | total_time=19111.84s

  saved batch 4 -> batch_0004.pkl | solve=19112.85s peak=8,540.6 MB | violations=0
