>>> host=scc019 project=/home/cpulimi/ModelV1/model-v1 python=/packages/apps/mamba/2.6.2/bin/python batch=2

============================================================================
PARALLEL SOLVE - batch 2/11
============================================================================
  dataset:      instances_low
  demand rows:  11,087
  est Z vars:   49,711
  work dir:     /home/cpulimi/ModelV1/model-v1/results/low_std_comparison/low_par_std_sa/parallel_work
============================================================================

=== QUBO Batch 2 | 56 parts | 11,087 demand rows | estimated Z=49,711 ===
  [1/3] Building aligned manual QUBO dictionary...
    built in 1.27s | Z=49,711 Y=9,313 X=200 interactions=267,682
    penalties: C1=2,510,846.65 C2=2,510,846.65 C3=2,510,846.65
  [2a/3] Adaptive penalty phase...
    adaptive iter 1/5 | scale=502,169.3 | multipliers c1=1.00 c2=1.00 c3=1.00 c4=1.00 | binding[c1=scaled,c2=scaled,c3=scaled,c4=scaled]
    adaptive iter 1 | violations C1=0 C2=0 C3=0 C4=0 | cost=103262534.69
    adaptive feasible at iter 1
  [2b/3] Adaptive succeeded - skipping retry-reads fallback
  [3/3] Batch selected | OK | aligned cost=$103,262,534.69 | total_time=1102.67s

  saved batch 2 -> batch_0002.pkl | solve=1104.28s rss_peak=4,120.3 MB (python_tracemalloc=1,791.0 MB) | violations=0
>>> slurm mem appended to results/low_std_comparison/low_par_std_sa/slurm_mem_low.tsv: jobid=59487361 task=2 MaxRSS= MaxVMSize= ReqMem= Elapsed=
