>>> host=scc030 project=/home/cpulimi/ModelV1/model-v1 python=/packages/apps/mamba/2.6.2/bin/python batch=2

============================================================================
PARALLEL SOLVE - batch 2/11
============================================================================
  dataset:      instances_low
  demand rows:  11,087
  est Z vars:   49,711
  work dir:     /home/cpulimi/ModelV1/model-v1/results/low_std_comparison/low_par_std_sqa/parallel_work
============================================================================

=== QUBO Batch 2 | 56 parts | 11,087 demand rows | estimated Z=49,711 ===
  [1/3] Building aligned manual QUBO dictionary...
    built in 1.28s | Z=49,711 Y=9,313 X=200 interactions=267,682
    penalties: C1=2,510,846.65 C2=2,510,846.65 C3=2,510,846.65
  [2a/3] Adaptive penalty phase...
    adaptive iter 1/5 | scale=502,169.3 | multipliers c1=1.00 c2=1.00 c3=1.00 c4=1.00 | binding[c1=scaled,c2=scaled,c3=scaled,c4=scaled]
    adaptive iter 1 | violations C1=1903 C2=830 C3=0 C4=0 | cost=103151885.54
    adaptive iter 2/5 | scale=502,169.3 | multipliers c1=1.50 c2=1.50 c3=1.00 c4=1.00 | binding[c1=scaled,c2=scaled,c3=scaled,c4=scaled]
    adaptive iter 2 | violations C1=1968 C2=826 C3=0 C4=0 | cost=103176023.86
    adaptive iter 3/5 | scale=502,169.3 | multipliers c1=2.25 c2=2.25 c3=1.00 c4=1.00 | binding[c1=scaled,c2=scaled,c3=scaled,c4=scaled]
    adaptive iter 3 | violations C1=1927 C2=811 C3=0 C4=0 | cost=103185709.56
    adaptive iter 4/5 | scale=502,169.3 | multipliers c1=3.38 c2=3.38 c3=1.00 c4=1.00 | binding[c1=scaled,c2=scaled,c3=scaled,c4=scaled]
    adaptive iter 4 | violations C1=1895 C2=782 C3=0 C4=0 | cost=103154353.81
    adaptive iter 5/5 | scale=502,169.3 | multipliers c1=5.06 c2=5.06 c3=1.00 c4=1.00 | binding[c1=scaled,c2=scaled,c3=scaled,c4=scaled]
    adaptive iter 5 | violations C1=1956 C2=790 C3=0 C4=0 | cost=103167375.17
  [2b/3] Adaptive exhausted (5 iters) - running retry-reads fallback with final multipliers
  [2/3] Sampling QUBO with OpenJij...
    stage 1/3: sampling 316 reads...
    stage 1/3: evaluating samples...
    stage 1 done | samples=316 sample_time=10966.14s eval_time=145.97s best_structural_violations=2740 (C1=1954, C2=786, C3=0) energy=-159046917650.46
    stage 2/3: sampling 632 reads...
    stage 2/3: evaluating samples...
    stage 2 done | samples=632 sample_time=21204.99s eval_time=289.28s best_structural_violations=2759 (C1=1939, C2=820, C3=0) energy=-158684654588.46
    stage 3/3: sampling 1264 reads...
    stage 3/3: evaluating samples...
    stage 3 done | samples=1264 sample_time=46651.68s eval_time=586.74s best_structural_violations=2777 (C1=1944, C2=833, C3=0) energy=-158341461919.53
  [3/3] Batch selected | 2677 structural violations | aligned cost=$103,154,353.81 | total_time=142947.93s

  saved batch 2 -> batch_0002.pkl | solve=142949.51s rss_peak=22,127.0 MB (python_tracemalloc=13,710.4 MB) | violations=2677
>>> slurm mem appended to results/low_std_comparison/low_par_std_sqa/slurm_mem_low.tsv: jobid=59487364 task=2 MaxRSS= MaxVMSize= ReqMem= Elapsed=
