>>> host=sch001 project=/home/cpulimi/ModelV1/model-v1 python=/packages/apps/mamba/2.6.2/bin/python batch=7

============================================================================
PARALLEL SOLVE - batch 7/11
============================================================================
  dataset:      instances_low
  demand rows:  11,232
  est Z vars:   49,149
  work dir:     /home/cpulimi/ModelV1/model-v1/results/low_std_comparison/low_par_std_sqa/parallel_work
============================================================================

=== QUBO Batch 7 | 53 parts | 11,232 demand rows | estimated Z=49,149 ===
  [1/3] Building aligned manual QUBO dictionary...
    built in 1.82s | Z=49,149 Y=8,910 X=200 interactions=262,747
    penalties: C1=2,514,284.40 C2=2,514,284.40 C3=2,514,284.40
  [2a/3] Adaptive penalty phase...
    adaptive iter 1/5 | scale=502,856.9 | multipliers c1=1.00 c2=1.00 c3=1.00 c4=1.00 | binding[c1=scaled,c2=scaled,c3=scaled,c4=scaled]
    adaptive iter 1 | violations C1=1892 C2=745 C3=0 C4=0 | cost=102943737.88
    adaptive iter 2/5 | scale=502,856.9 | multipliers c1=1.50 c2=1.50 c3=1.00 c4=1.00 | binding[c1=scaled,c2=scaled,c3=scaled,c4=scaled]
    adaptive iter 2 | violations C1=1899 C2=766 C3=0 C4=0 | cost=102949295.25
    adaptive iter 3/5 | scale=502,856.9 | multipliers c1=2.25 c2=2.25 c3=1.00 c4=1.00 | binding[c1=scaled,c2=scaled,c3=scaled,c4=scaled]
    adaptive iter 3 | violations C1=1888 C2=800 C3=0 C4=0 | cost=102941803.39
    adaptive iter 4/5 | scale=502,856.9 | multipliers c1=3.38 c2=3.38 c3=1.00 c4=1.00 | binding[c1=scaled,c2=scaled,c3=scaled,c4=scaled]
    adaptive iter 4 | violations C1=1873 C2=797 C3=0 C4=0 | cost=102936592.67
    adaptive iter 5/5 | scale=502,856.9 | multipliers c1=5.06 c2=5.06 c3=1.00 c4=1.00 | binding[c1=scaled,c2=scaled,c3=scaled,c4=scaled]
    adaptive iter 5 | violations C1=1879 C2=788 C3=0 C4=0 | cost=102944534.43
  [2b/3] Adaptive exhausted (5 iters) - running retry-reads fallback with final multipliers
  [2/3] Sampling QUBO with OpenJij...
    stage 1/3: sampling 314 reads...
    stage 1/3: evaluating samples...
    stage 1 done | samples=314 sample_time=12482.69s eval_time=192.24s best_structural_violations=2682 (C1=1903, C2=779, C3=0) energy=-163140920566.98
    stage 2/3: sampling 628 reads...
    stage 2/3: evaluating samples...
    stage 2 done | samples=628 sample_time=25640.08s eval_time=384.99s best_structural_violations=2724 (C1=1923, C2=801, C3=0) energy=-162339007122.02
    stage 3/3: sampling 1256 reads...
    stage 3/3: evaluating samples...
    stage 3 done | samples=1256 sample_time=47829.43s eval_time=784.73s best_structural_violations=2690 (C1=1888, C2=802, C3=0) energy=-162988167910.21
  [3/3] Batch selected | 2637 structural violations | aligned cost=$102,943,737.88 | total_time=149368.41s

  saved batch 7 -> batch_0007.pkl | solve=149370.64s rss_peak=21,668.6 MB (python_tracemalloc=13,442.5 MB) | violations=2637
>>> slurm mem appended to results/low_std_comparison/low_par_std_sqa/slurm_mem_low.tsv: jobid=59487364 task=7 MaxRSS= MaxVMSize= ReqMem= Elapsed=
