>>> host=scc049 project=/home/cpulimi/ModelV1/model-v1 python=/packages/apps/mamba/2.6.2/bin/python batch=9 threads=128

============================================================================
PARALLEL SOLVE - batch 9/11
============================================================================
  dataset:      instances_low
  demand rows:  11,326
  est Z vars:   49,294
  work dir:     /home/cpulimi/ModelV1/model-v1/results/low_adaptive_parallel_max/low_par_max/parallel_work
============================================================================

=== QUBO Batch 9 | 61 parts | 11,326 demand rows | estimated Z=49,294 ===
  [1/3] Building aligned manual QUBO dictionary...
    built in 1.25s | Z=49,294 Y=10,168 X=200 interactions=263,574
    penalties: C1=2,509,584.20 C2=2,509,584.20 C3=2,509,584.20
  [2a/3] Adaptive penalty phase...
    adaptive iter 1/5 | multipliers c1=1.00 c2=1.00 c3=1.00
    adaptive iter 1 | violations C1=0 C2=0 C3=0 | cost=103142501.66
    adaptive feasible at iter 1
  [2b/3] Adaptive succeeded - skipping retry-reads fallback
  [3/3] Batch selected | OK | aligned cost=$103,142,501.66 | total_time=19015.83s

  saved batch 9 -> batch_0009.pkl | solve=19016.84s peak=8,503.1 MB | violations=0
