>>> host=scc043 project=/home/cpulimi/ModelV1/model-v1 python=/packages/apps/mamba/2.6.2/bin/python batch=3 threads=128

============================================================================
PARALLEL SOLVE - batch 3/11
============================================================================
  dataset:      instances_low
  demand rows:  11,116
  est Z vars:   49,070
  work dir:     /home/cpulimi/ModelV1/model-v1/results/low_adaptive_parallel_max/low_par_max/parallel_work
============================================================================

=== QUBO Batch 3 | 50 parts | 11,116 demand rows | estimated Z=49,070 ===
  [1/3] Building aligned manual QUBO dictionary...
    built in 1.21s | Z=49,070 Y=8,617 X=200 interactions=261,910
    penalties: C1=2,509,761.80 C2=2,509,761.80 C3=2,509,761.80
  [2a/3] Adaptive penalty phase...
    adaptive iter 1/5 | multipliers c1=1.00 c2=1.00 c3=1.00
    adaptive iter 1 | violations C1=0 C2=0 C3=0 | cost=102770610.77
    adaptive feasible at iter 1
  [2b/3] Adaptive succeeded - skipping retry-reads fallback
  [3/3] Batch selected | OK | aligned cost=$102,770,610.77 | total_time=18465.69s

  saved batch 3 -> batch_0003.pkl | solve=18466.68s peak=8,335.4 MB | violations=0
