>>> host=scc021 project=/home/cpulimi/ModelV1/model-v1 python=/packages/apps/mamba/2.6.2/bin/python batch=8

============================================================================
PARALLEL SOLVE - batch 8/11
============================================================================
  dataset:      instances_low
  demand rows:  11,317
  est Z vars:   49,974
  work dir:     /home/cpulimi/ModelV1/model-v1/results/low_scale_compare/scale_off/low_scaleoff/parallel_work
============================================================================

=== QUBO Batch 8 | 61 parts | 11,317 demand rows | estimated Z=49,974 ===
  [1/3] Building aligned manual QUBO dictionary...
    built in 1.28s | Z=49,974 Y=10,133 X=200 interactions=267,838
    penalties: C1=50,000.00 C2=50,000.00 C3=50,000.00
  [2a/3] Adaptive penalty phase...
    adaptive iter 1/5 | scale=1.0 | multipliers c1=1.00 c2=1.00 c3=1.00 c4=1.00 | binding[c1=floor,c2=floor,c3=floor,c4=floor]
    adaptive iter 1 | violations C1=145 C2=26 C3=5 C4=0 | cost=102485855.27
    adaptive iter 2/5 | scale=1.0 | multipliers c1=1.50 c2=1.50 c3=1.50 c4=1.00 | binding[c1=floor,c2=floor,c3=floor,c4=floor]
    adaptive iter 2 | violations C1=81 C2=9 C3=0 C4=0 | cost=102988951.36
    adaptive iter 3/5 | scale=1.0 | multipliers c1=2.25 c2=2.25 c3=1.50 c4=1.00 | binding[c1=floor,c2=floor,c3=floor,c4=floor]
    adaptive iter 3 | violations C1=0 C2=0 C3=6 C4=0 | cost=98896989.13
    adaptive iter 4/5 | scale=1.0 | multipliers c1=2.25 c2=2.25 c3=2.25 c4=1.00 | binding[c1=floor,c2=floor,c3=floor,c4=floor]
    adaptive iter 4 | violations C1=37 C2=3 C3=0 C4=0 | cost=103000256.37
    adaptive iter 5/5 | scale=1.0 | multipliers c1=3.38 c2=3.38 c3=2.25 c4=1.00 | binding[c1=floor,c2=floor,c3=floor,c4=floor]
    adaptive iter 5 | violations C1=0 C2=0 C3=2 C4=0 | cost=101910406.26
  [2b/3] Adaptive exhausted (5 iters) - running retry-reads fallback with final multipliers
  [2/3] Sampling QUBO with OpenJij...
    stage 1/2: sampling 32 reads...
    stage 1/2: evaluating samples...
    stage 1 done | samples=32 sample_time=16.41s eval_time=12.95s best_structural_violations=43 (C1=38, C2=5, C3=0) energy=-1799489778.34
    stage 2/2: sampling 64 reads...
    stage 2/2: evaluating samples...
    stage 2 done | samples=64 sample_time=27.65s eval_time=26.66s best_structural_violations=33 (C1=30, C2=3, C3=0) energy=-1801196301.81
  [3/3] Batch selected | 2 structural violations | aligned cost=$101,910,406.26 | total_time=240.54s

  saved batch 8 -> batch_0008.pkl | solve=241.95s rss_peak=1,139.4 MB (python_tracemalloc=437.2 MB) | violations=2
>>> slurm mem appended to results/low_scale_compare/scale_off/low_scaleoff/slurm_mem_low.tsv: jobid=59667490 task=8 MaxRSS= MaxVMSize= ReqMem= Elapsed=
