>>> host=sch001 project=/home/cpulimi/ModelV1/model-v1 python=/packages/apps/mamba/2.6.2/bin/python batch=1

============================================================================
PARALLEL SOLVE - batch 1/11
============================================================================
  dataset:      instances_low
  demand rows:  11,340
  est Z vars:   49,879
  work dir:     /home/cpulimi/ModelV1/model-v1/results/low_scale_compare/scale_on/low_scaleon/parallel_work
============================================================================

=== QUBO Batch 1 | 71 parts | 11,340 demand rows | estimated Z=49,879 ===
  [1/3] Building aligned manual QUBO dictionary...
    built in 1.87s | Z=49,879 Y=11,556 X=200 interactions=272,272
    penalties: C1=2,509,764.65 C2=2,509,764.65 C3=2,509,764.65
  [2a/3] Adaptive penalty phase...
    adaptive iter 1/5 | scale=501,952.9 | multipliers c1=1.00 c2=1.00 c3=1.00 c4=1.00 | binding[c1=scaled,c2=scaled,c3=scaled,c4=scaled]
    adaptive iter 1 | violations C1=10 C2=0 C3=0 C4=0 | cost=103280666.20
    adaptive iter 2/5 | scale=501,952.9 | multipliers c1=1.50 c2=1.00 c3=1.00 c4=1.00 | binding[c1=scaled,c2=scaled,c3=scaled,c4=scaled]
    adaptive iter 2 | violations C1=5 C2=16 C3=0 C4=0 | cost=103330562.32
    adaptive iter 3/5 | scale=501,952.9 | multipliers c1=2.25 c2=1.50 c3=1.00 c4=1.00 | binding[c1=scaled,c2=scaled,c3=scaled,c4=scaled]
    adaptive iter 3 | violations C1=0 C2=0 C3=0 C4=0 | cost=103028994.38
    adaptive feasible at iter 3
  [2b/3] Adaptive succeeded - skipping retry-reads fallback
  [3/3] Batch selected | OK | aligned cost=$103,028,994.38 | total_time=132.49s

  saved batch 1 -> batch_0001.pkl | solve=134.02s rss_peak=868.2 MB (python_tracemalloc=316.1 MB) | violations=0
>>> slurm mem appended to results/low_scale_compare/scale_on/low_scaleon/slurm_mem_low.tsv: jobid=59667478 task=1 MaxRSS= MaxVMSize= ReqMem= Elapsed=
