>>> host=scc011 project=/home/cpulimi/ModelV1/model-v1 python=/packages/apps/mamba/2.6.2/bin/python batch=10 threads=128

============================================================================
PARALLEL SOLVE - batch 10/11
============================================================================
  dataset:      instances_low
  demand rows:  11,271
  est Z vars:   48,929
  work dir:     /home/cpulimi/ModelV1/model-v1/results/low_adaptive_parallel_max/low_par_max/parallel_work
============================================================================

=== QUBO Batch 10 | 58 parts | 11,271 demand rows | estimated Z=48,929 ===
  [1/3] Building aligned manual QUBO dictionary...
    built in 1.26s | Z=48,929 Y=9,859 X=200 interactions=260,893
    penalties: C1=2,509,234.40 C2=2,509,234.40 C3=2,509,234.40
  [2a/3] Adaptive penalty phase...
    adaptive iter 1/5 | multipliers c1=1.00 c2=1.00 c3=1.00
    adaptive iter 1 | violations C1=0 C2=0 C3=0 | cost=103088182.92
    adaptive feasible at iter 1
  [2b/3] Adaptive succeeded - skipping retry-reads fallback
  [3/3] Batch selected | OK | aligned cost=$103,088,182.92 | total_time=18762.82s

  saved batch 10 -> batch_0010.pkl | solve=18764.42s peak=8,415.6 MB | violations=0
