>>> host=scc014 project=/home/cpulimi/ModelV1/model-v1 python=/packages/apps/mamba/2.6.2/bin/python batch=3

============================================================================
PARALLEL SOLVE - batch 3/11
============================================================================
  dataset:      instances_low
  demand rows:  11,116
  est Z vars:   49,070
  work dir:     /home/cpulimi/ModelV1/model-v1/results/low_std_comparison/low_par_std_sqa/parallel_work
============================================================================

=== QUBO Batch 3 | 50 parts | 11,116 demand rows | estimated Z=49,070 ===
  [1/3] Building aligned manual QUBO dictionary...
    built in 1.26s | Z=49,070 Y=8,617 X=200 interactions=261,910
    penalties: C1=2,509,761.80 C2=2,509,761.80 C3=2,509,761.80
  [2a/3] Adaptive penalty phase...
    adaptive iter 1/5 | scale=501,952.4 | multipliers c1=1.00 c2=1.00 c3=1.00 c4=1.00 | binding[c1=scaled,c2=scaled,c3=scaled,c4=scaled]
    adaptive iter 1 | violations C1=1892 C2=692 C3=0 C4=0 | cost=102824297.04
    adaptive iter 2/5 | scale=501,952.4 | multipliers c1=1.50 c2=1.50 c3=1.00 c4=1.00 | binding[c1=scaled,c2=scaled,c3=scaled,c4=scaled]
    adaptive iter 2 | violations C1=1880 C2=761 C3=0 C4=0 | cost=102814910.14
    adaptive iter 3/5 | scale=501,952.4 | multipliers c1=2.25 c2=2.25 c3=1.00 c4=1.00 | binding[c1=scaled,c2=scaled,c3=scaled,c4=scaled]
    adaptive iter 3 | violations C1=1962 C2=738 C3=0 C4=0 | cost=102834508.20
    adaptive iter 4/5 | scale=501,952.4 | multipliers c1=3.38 c2=3.38 c3=1.00 c4=1.00 | binding[c1=scaled,c2=scaled,c3=scaled,c4=scaled]
    adaptive iter 4 | violations C1=1877 C2=774 C3=0 C4=0 | cost=102813305.53
    adaptive iter 5/5 | scale=501,952.4 | multipliers c1=5.06 c2=5.06 c3=1.00 c4=1.00 | binding[c1=scaled,c2=scaled,c3=scaled,c4=scaled]
    adaptive iter 5 | violations C1=1874 C2=729 C3=0 C4=0 | cost=102840023.50
  [2b/3] Adaptive exhausted (5 iters) - running retry-reads fallback with final multipliers
  [2/3] Sampling QUBO with OpenJij...
    stage 1/3: sampling 314 reads...
    stage 1/3: evaluating samples...
    stage 1 done | samples=314 sample_time=10571.99s eval_time=149.32s best_structural_violations=2696 (C1=1903, C2=793, C3=0) energy=-160369779985.66
    stage 2/3: sampling 628 reads...
