>>> conda env: qubo
>>> host        sfpga01n
>>> python      /packages/apps/mamba/2.6.2/bin/python3 -- Python 3.13.13
>>> VA dir      /opt/va/V3.0.0/libexec/VectorAnnealing/python
>>> VE devices  /dev/ve0 /dev/veslot0 
>>> interpreter OK
>>> batch 1 of run va_100hubs (instances_100hubs)
>>> mode=solve run_root=/home/cpulimi/ModelV1/model-v1/results/va_parallel/va_100hubs

============================================================================
VA PARALLEL SOLVE - batch 1/1
============================================================================
  dataset:      instances_100hubs
  demand rows:  28,192
  est Z vars:   35,050
  work dir:     /home/cpulimi/ModelV1/model-v1/results/va_parallel/va_100hubs/parallel_work
============================================================================
VectorAnnealing imported (local on-prem module; no service client).
  module file:     /opt/va/V3.0.0/libexec/VectorAnnealing/python/VectorAnnealing/__init__.py
  module version:  <module exposes no version attribute>
  python:          3.13.13 | packaged by conda-forge | (main, Apr  8 2026, 02:00:33) [GCC 14.3.0]
  hostname:        sfpga01n
  VE_NODE_NUMBER:  <unset>
  VE devices:      2 device node(s) = 1 card(s) -> /dev/ve0, /dev/veslot0

=== VA Batch 1 | 150 parts | 28,192 demand rows | estimated Z=35,050 ===
  [1/3] Formulating and compiling the PyQUBO model...
    built in 2.94s (pyqubo expression 2.18s + compile 0.26s) | Z=35,050 Y=12,165 X=100 total_vars=47,315 interactions=102,732
    penalties: C1=50,000.00 C2=50,000.00 C3=50,000.00
    to_qubo offset (C1 constant): 1,409,600,000.00 -> held at 0.0 for VA (fp32 headroom + OpenJij comparability)
  [2/3] Sampling with VectorAnnealing | reads=265 sweeps=3000 vector_mode=ACCURACY beta_range=VA default [10,100,200] | repeats=1 | adaptive=within-batch (max 8 iters, growth 1.5)
    adaptive iter 1/8 | multipliers c1=1.00 c2=1.00 c3=1.00 c4=1.00 | penalties C1=50,000 C2=50,000 C3=50,000 | offset=1,409,600,000
    iter 1 repeat 1 attempt 1: 265 reads in 32629.44s | constraint satisfied 265/265
    iter 1 repeat 1 | energy min/med/max = -1,354,246,349.21 / -1,354,232,228.65 / -1,354,223,146.87 | cost min/med/max = 55,353,650.79 / 55,367,771.35 / 55,376,853.13 | structurally feasible reads 265/265
    adaptive feasible at iter 1
  [3/3] Batch selected | OK | aligned cost=$55,353,650.79 | total_time=32713.43s
    matrix: density=0.007064% (158,149 non-zero of 2,238,709,225 cells) | avg couplings/var=2.3 | VA dense alloc 8.3 GiB vs sparse 1.2 MiB (7,264x)

  VE DEVICE MEMORY (card-side; never added to host RSS)
    HBM capacity:        <unknown>  [unknown]
    predicted (dense):   8.3 GiB
    OBSERVED peak:       <none: no runtime device readout on this install>
    note: result.memory_usage=1.25390625 recorded raw. Unit is not documented; observed_peak_device_bytes NOT populated. Once the unit is confirmed, promote from raw to bytes. HBM capacity is also unreadable here; pass --ve-hbm-gb to record it explicitly.

============================================================================================
HOST MEMORY BY PHASE - batch 1
============================================================================================
  phase                                n    wall s  RSS peak MB   HWM+ MB  HWM+ self
  solve.sample_eval                    1     77.84      3,663.7   2,163.2    2,163.2
  solve.va_sample                      1 32,629.44      1,500.2     559.2      559.2
  solve.va_model_build                 1      3.18        941.0     368.4      368.4
  solve.pyqubo_compile                 1      0.26        506.3     293.4      293.4
  solve                                2 32,713.42      3,663.7   3,542.9       90.1
  solve.to_qubo                        1      0.41        572.6      66.2       66.2
  solve.pyqubo_express                 1      0.35        212.9       2.3        2.3

  Host peak is driven by: solve.sample_eval (+2,163.2 MB of the process high-water mark)
============================================================================================

  saved batch 1 -> batch_0001.pkl | solve=32716.34s rss_peak=3,663.7 MB | raw violations=0
>>> slurm mem: batch1 cgroup_peak=68832.7MB MaxRSS=<pending> MaxVMSize=<pending> ReqMem=<pending> Elapsed=<pending>
>>>   MaxRSS is blank because this job has not ended yet. va_par_acct.sh will append the final post_hoc row.
