>>> conda env: qubo
>>> host        scc003
>>> python      /packages/apps/mamba/2.6.2/bin/python3 -- Python 3.13.13
>>> VA dir      <none found under /opt/va/*>
>>> VE devices  none
>>> interpreter OK
>>> mode=merge run_root=/home/cpulimi/ModelV1/model-v1/results/va_parallel/va_20hubs_seed1000

############################################################################################
VA FLOAT32 PRECISION AUDIT
############################################################################################
  VA computes in single precision; recomputed_energy is the float64 host reference.
  reads audited:            112
  MAX  |rel_diff|:          0.000000e+00
  MEDIAN |rel_diff|:        0.000000e+00
  max  |abs_diff|:          0.0000
  median |abs_diff|:        0.0000

  Read this against your cost scale: an |abs_diff| larger than the cost
  differences you care about means VA cannot rank those solutions.
  detail CSV:               va_precision_audit.csv
############################################################################################
============================================================================
VA FINAL RESULTS (PARALLEL MERGE)
============================================================================
  total cost:                 $10,983,883.57
  inventory cost:             $419,171.87
  fixed open-hub cost:        $10,000,000.00
  overflow storage cost:      $0.00
  new-hub transfer cost:      $35,750.00
  assignment transport cost:  $528,961.70
  open hubs:                  20
  closed hubs:                0
  stocked hub-part pairs:     2,342
  hub-zip-part pairings:      5,996
  structural violations:      0
  SLA distance violations:    941
  wall time:                  1,608.96s
  peak/current host RSS:      480.3/117.1 MB
  output folder:              /home/cpulimi/ModelV1/model-v1/results/va_parallel/va_20hubs_seed1000/va
============================================================================

  merged 1 batch(es) | solve total 1,608.3s + merge 0.7s (postprocess 0.2s)

============================================================================================
HOST MEMORY BY PHASE - merge
============================================================================================
  phase                                n    wall s  RSS peak MB   HWM+ MB  HWM+ self
  merge.write_outputs                  1      0.48        119.0      14.1       14.1
  merge.postprocess                    1      0.16        110.6       8.2        8.2
  merge.load                           1      0.01        102.1       1.3        1.3
  merge.aggregate                      1      0.00        102.4       0.3        0.3

  Host peak is driven by: merge.write_outputs (+14.1 MB of the process high-water mark)
============================================================================================
  outputs -> /home/cpulimi/ModelV1/model-v1/results/va_parallel/va_20hubs_seed1000/va
>>> slurm mem: merge cgroup_peak=510602.7MB MaxRSS=<pending> MaxVMSize=<pending> ReqMem=<pending> Elapsed=<pending>
>>>   MaxRSS is blank because this job has not ended yet. va_par_acct.sh will append the final post_hoc row.
>>> final outputs in results/va_parallel/va_20hubs_seed1000/va/
>>> read them with: python3 va_results.py --run-root results/va_parallel
